Archive member included to satisfy reference by file (symbol)

C:/ST/STM32CubeIDE_2.1.1/STM32CubeIDE/plugins/com.st.stm32cube.ide.mcu.externaltools.gnu-tools-for-stm32.14.3.rel1.win32_1.0.100.202602081740/tools/bin/../lib/gcc/arm-none-eabi/14.3.1/../../../../arm-none-eabi/lib/thumb/v7e-m+fp/hard\libc_nano.a(libc_a-exit.o)
                              C:/ST/STM32CubeIDE_2.1.1/STM32CubeIDE/plugins/com.st.stm32cube.ide.mcu.externaltools.gnu-tools-for-stm32.14.3.rel1.win32_1.0.100.202602081740/tools/bin/../lib/gcc/arm-none-eabi/14.3.1/../../../../arm-none-eabi/lib/thumb/v7e-m+fp/hard/crt0.o (exit)
C:/ST/STM32CubeIDE_2.1.1/STM32CubeIDE/plugins/com.st.stm32cube.ide.mcu.externaltools.gnu-tools-for-stm32.14.3.rel1.win32_1.0.100.202602081740/tools/bin/../lib/gcc/arm-none-eabi/14.3.1/../../../../arm-none-eabi/lib/thumb/v7e-m+fp/hard\libc_nano.a(libc_a-findfp.o)
                              C:/ST/STM32CubeIDE_2.1.1/STM32CubeIDE/plugins/com.st.stm32cube.ide.mcu.externaltools.gnu-tools-for-stm32.14.3.rel1.win32_1.0.100.202602081740/tools/bin/../lib/gcc/arm-none-eabi/14.3.1/../../../../arm-none-eabi/lib/thumb/v7e-m+fp/hard\libc_nano.a(libc_a-exit.o) (__stdio_exit_handler)
C:/ST/STM32CubeIDE_2.1.1/STM32CubeIDE/plugins/com.st.stm32cube.ide.mcu.externaltools.gnu-tools-for-stm32.14.3.rel1.win32_1.0.100.202602081740/tools/bin/../lib/gcc/arm-none-eabi/14.3.1/../../../../arm-none-eabi/lib/thumb/v7e-m+fp/hard\libc_nano.a(libc_a-fwalk.o)
                              C:/ST/STM32CubeIDE_2.1.1/STM32CubeIDE/plugins/com.st.stm32cube.ide.mcu.externaltools.gnu-tools-for-stm32.14.3.rel1.win32_1.0.100.202602081740/tools/bin/../lib/gcc/arm-none-eabi/14.3.1/../../../../arm-none-eabi/lib/thumb/v7e-m+fp/hard\libc_nano.a(libc_a-findfp.o) (_fwalk_sglue)
C:/ST/STM32CubeIDE_2.1.1/STM32CubeIDE/plugins/com.st.stm32cube.ide.mcu.externaltools.gnu-tools-for-stm32.14.3.rel1.win32_1.0.100.202602081740/tools/bin/../lib/gcc/arm-none-eabi/14.3.1/../../../../arm-none-eabi/lib/thumb/v7e-m+fp/hard\libc_nano.a(libc_a-stdio.o)
                              C:/ST/STM32CubeIDE_2.1.1/STM32CubeIDE/plugins/com.st.stm32cube.ide.mcu.externaltools.gnu-tools-for-stm32.14.3.rel1.win32_1.0.100.202602081740/tools/bin/../lib/gcc/arm-none-eabi/14.3.1/../../../../arm-none-eabi/lib/thumb/v7e-m+fp/hard\libc_nano.a(libc_a-findfp.o) (__sread)
C:/ST/STM32CubeIDE_2.1.1/STM32CubeIDE/plugins/com.st.stm32cube.ide.mcu.externaltools.gnu-tools-for-stm32.14.3.rel1.win32_1.0.100.202602081740/tools/bin/../lib/gcc/arm-none-eabi/14.3.1/../../../../arm-none-eabi/lib/thumb/v7e-m+fp/hard\libc_nano.a(libc_a-memset.o)
                              C:/ST/STM32CubeIDE_2.1.1/STM32CubeIDE/plugins/com.st.stm32cube.ide.mcu.externaltools.gnu-tools-for-stm32.14.3.rel1.win32_1.0.100.202602081740/tools/bin/../lib/gcc/arm-none-eabi/14.3.1/../../../../arm-none-eabi/lib/thumb/v7e-m+fp/hard/crt0.o (memset)
C:/ST/STM32CubeIDE_2.1.1/STM32CubeIDE/plugins/com.st.stm32cube.ide.mcu.externaltools.gnu-tools-for-stm32.14.3.rel1.win32_1.0.100.202602081740/tools/bin/../lib/gcc/arm-none-eabi/14.3.1/../../../../arm-none-eabi/lib/thumb/v7e-m+fp/hard\libc_nano.a(libc_a-closer.o)
                              C:/ST/STM32CubeIDE_2.1.1/STM32CubeIDE/plugins/com.st.stm32cube.ide.mcu.externaltools.gnu-tools-for-stm32.14.3.rel1.win32_1.0.100.202602081740/tools/bin/../lib/gcc/arm-none-eabi/14.3.1/../../../../arm-none-eabi/lib/thumb/v7e-m+fp/hard\libc_nano.a(libc_a-stdio.o) (_close_r)
C:/ST/STM32CubeIDE_2.1.1/STM32CubeIDE/plugins/com.st.stm32cube.ide.mcu.externaltools.gnu-tools-for-stm32.14.3.rel1.win32_1.0.100.202602081740/tools/bin/../lib/gcc/arm-none-eabi/14.3.1/../../../../arm-none-eabi/lib/thumb/v7e-m+fp/hard\libc_nano.a(libc_a-reent.o)
                              C:/ST/STM32CubeIDE_2.1.1/STM32CubeIDE/plugins/com.st.stm32cube.ide.mcu.externaltools.gnu-tools-for-stm32.14.3.rel1.win32_1.0.100.202602081740/tools/bin/../lib/gcc/arm-none-eabi/14.3.1/../../../../arm-none-eabi/lib/thumb/v7e-m+fp/hard\libc_nano.a(libc_a-closer.o) (errno)
C:/ST/STM32CubeIDE_2.1.1/STM32CubeIDE/plugins/com.st.stm32cube.ide.mcu.externaltools.gnu-tools-for-stm32.14.3.rel1.win32_1.0.100.202602081740/tools/bin/../lib/gcc/arm-none-eabi/14.3.1/../../../../arm-none-eabi/lib/thumb/v7e-m+fp/hard\libc_nano.a(libc_a-impure.o)
                              C:/ST/STM32CubeIDE_2.1.1/STM32CubeIDE/plugins/com.st.stm32cube.ide.mcu.externaltools.gnu-tools-for-stm32.14.3.rel1.win32_1.0.100.202602081740/tools/bin/../lib/gcc/arm-none-eabi/14.3.1/../../../../arm-none-eabi/lib/thumb/v7e-m+fp/hard\libc_nano.a(libc_a-reent.o) (_impure_ptr)
C:/ST/STM32CubeIDE_2.1.1/STM32CubeIDE/plugins/com.st.stm32cube.ide.mcu.externaltools.gnu-tools-for-stm32.14.3.rel1.win32_1.0.100.202602081740/tools/bin/../lib/gcc/arm-none-eabi/14.3.1/../../../../arm-none-eabi/lib/thumb/v7e-m+fp/hard\libc_nano.a(libc_a-lseekr.o)
[...]
Memory Configuration

Name             Origin             Length             Attributes
RAM              0x20000000         0x00018000         xrw
RAM2             0x10000000         0x00008000         xrw
FLASH            0x08000000         0x00100000         xr
*default*        0x00000000         0xffffffff

Linker script and memory map

LOAD C:/ST/STM32CubeIDE_2.1.1/STM32CubeIDE/plugins/com.st.stm32cube.ide.mcu.externaltools.gnu-tools-for-stm32.14.3.rel1.win32_1.0.100.202602081740/tools/bin/../lib/gcc/arm-none-eabi/14.3.1/thumb/v7e-m+fp/hard/crti.o
LOAD C:/ST/STM32CubeIDE_2.1.1/STM32CubeIDE/plugins/com.st.stm32cube.ide.mcu.externaltools.gnu-tools-for-stm32.14.3.rel1.win32_1.0.100.202602081740/tools/bin/../lib/gcc/arm-none-eabi/14.3.1/thumb/v7e-m+fp/hard/crtbegin.o
LOAD C:/ST/STM32CubeIDE_2.1.1/STM32CubeIDE/plugins/com.st.stm32cube.ide.mcu.externaltools.gnu-tools-for-stm32.14.3.rel1.win32_1.0.100.202602081740/tools/bin/../lib/gcc/arm-none-eabi/14.3.1/../../../../arm-none-eabi/lib/thumb/v7e-m+fp/hard/crt0.o
LOAD ./Core/Src/adc.o
LOAD ./Core/Src/freertos.o
LOAD ./Core/Src/gpio.o
LOAD ./Core/Src/iwdg.o
LOAD ./Core/Src/main.o
LOAD ./Core/Src/spi.o
LOAD ./Core/Src/stm32l4xx_hal_msp.o
LOAD ./Core/Src/stm32l4xx_hal_timebase_tim.o
LOAD ./Core/Src/stm32l4xx_it.o
LOAD ./Core/Src/syscalls.o
LOAD ./Core/Src/sysmem.o
LOAD ./Core/Src/system_stm32l4xx.o
LOAD ./Core/Src/tim.o
LOAD ./Core/Src/usart.o
LOAD ./Core/Startup/startup_stm32l476rgtx.o
LOAD ./Drivers/STM32L4xx_HAL_Driver/Src/stm32l4xx_hal.o
LOAD ./Drivers/STM32L4xx_HAL_Driver/Src/stm32l4xx_hal_adc.o
LOAD ./Drivers/STM32L4xx_HAL_Driver/Src/stm32l4xx_hal_adc_ex.o
LOAD ./Drivers/STM32L4xx_HAL_Driver/Src/stm32l4xx_hal_cortex.o
LOAD ./Drivers/STM32L4xx_HAL_Driver/Src/stm32l4xx_hal_dma.o
LOAD ./Drivers/STM32L4xx_HAL_Driver/Src/stm32l4xx_hal_dma_ex.o
LOAD ./Drivers/STM32L4xx_HAL_Driver/Src/stm32l4xx_hal_exti.o
LOAD ./Drivers/STM32L4xx_HAL_Driver/Src/stm32l4xx_hal_flash.o
LOAD ./Drivers/STM32L4xx_HAL_Driver/Src/stm32l4xx_hal_flash_ex.o
LOAD ./Drivers/STM32L4xx_HAL_Driver/Src/stm32l4xx_hal_flash_ramfunc.o
LOAD ./Drivers/STM32L4xx_HAL_Driver/Src/stm32l4xx_hal_gpio.o
LOAD ./Drivers/STM32L4xx_HAL_Driver/Src/stm32l4xx_hal_i2c.o
LOAD ./Drivers/STM32L4xx_HAL_Driver/Src/stm32l4xx_hal_i2c_ex.o
LOAD ./Drivers/STM32L4xx_HAL_Driver/Src/stm32l4xx_hal_iwdg.o
LOAD ./Drivers/STM32L4xx_HAL_Driver/Src/stm32l4xx_hal_pwr.o
LOAD ./Drivers/STM32L4xx_HAL_Driver/Src/stm32l4xx_hal_pwr_ex.o
LOAD ./Drivers/STM32L4xx_HAL_Driver/Src/stm32l4xx_hal_rcc.o
LOAD ./Drivers/STM32L4xx_HAL_Driver/Src/stm32l4xx_hal_rcc_ex.o
LOAD ./Drivers/STM32L4xx_HAL_Driver/Src/stm32l4xx_hal_spi.o
LOAD ./Drivers/STM32L4xx_HAL_Driver/Src/stm32l4xx_hal_spi_ex.o
LOAD ./Drivers/STM32L4xx_HAL_Driver/Src/stm32l4xx_hal_tim.o
LOAD ./Drivers/STM32L4xx_HAL_Driver/Src/stm32l4xx_hal_tim_ex.o
LOAD ./Drivers/STM32L4xx_HAL_Driver/Src/stm32l4xx_hal_uart.o
LOAD ./Drivers/STM32L4xx_HAL_Driver/Src/stm32l4xx_hal_uart_ex.o
LOAD ./FATFS/App/fatfs.o
LOAD ./FATFS/Target/user_diskio.o
LOAD ./Middlewares/Third_Party/FatFs/src/diskio.o
LOAD ./Middlewares/Third_Party/FatFs/src/ff.o
LOAD ./Middlewares/Third_Party/FatFs/src/ff_gen_drv.o
LOAD ./Middlewares/Third_Party/FatFs/src/option/syscall.o
LOAD ./Middlewares/Third_Party/FreeRTOS/Source/CMSIS_RTOS_V2/cmsis_os2.o
LOAD ./Middlewares/Third_Party/FreeRTOS/Source/croutine.o
LOAD ./Middlewares/Third_Party/FreeRTOS/Source/event_groups.o
LOAD ./Middlewares/Third_Party/FreeRTOS/Source/list.o
LOAD ./Middlewares/Third_Party/FreeRTOS/Source/queue.o
LOAD ./Middlewares/Third_Party/FreeRTOS/Source/stream_buffer.o
LOAD ./Middlewares/Third_Party/FreeRTOS/Source/tasks.o
LOAD ./Middlewares/Third_Party/FreeRTOS/Source/timers.o
LOAD ./Middlewares/Third_Party/FreeRTOS/Source/portable/GCC/ARM_CM4F/port.o
LOAD ./Middlewares/Third_Party/FreeRTOS/Source/portable/MemMang/heap_4.o
LOAD ./firmware/hal/exti.o
LOAD ./firmware/hal/tone.o
LOAD ./firmware/protocol/codec.o
LOAD ./firmware/protocol/crc32.o
LOAD ./firmware/recorder/comm_link.o
LOAD ./firmware/recorder/command_handler.o
LOAD ./firmware/recorder/state_machine.o
LOAD ./firmware/sensors/buttons.o
LOAD ./firmware/sensors/dht11.o
LOAD ./firmware/sensors/radiation_latch.o
LOAD ./firmware/storage/circular_log.o
LOAD ./firmware/system/init.o
LOAD ./firmware/system/orchestrator.o
LOAD ./firmware/system/tasks.o
START GROUP
LOAD C:/ST/STM32CubeIDE_2.1.1/STM32CubeIDE/plugins/com.st.stm32cube.ide.mcu.externaltools.gnu-tools-for-stm32.14.3.rel1.win32_1.0.100.202602081740/tools/bin/../lib/gcc/arm-none-eabi/14.3.1/../../../../arm-none-eabi/lib/thumb/v7e-m+fp/hard\libstdc++_nano.a
LOAD C:/ST/STM32CubeIDE_2.1.1/STM32CubeIDE/plugins/com.st.stm32cube.ide.mcu.externaltools.gnu-tools-for-stm32.14.3.rel1.win32_1.0.100.202602081740/tools/bin/../lib/gcc/arm-none-eabi/14.3.1/../../../../arm-none-eabi/lib/thumb/v7e-m+fp/hard\libsupc++_nano.a
END GROUP
LOAD C:/ST/STM32CubeIDE_2.1.1/STM32CubeIDE/plugins/com.st.stm32cube.ide.mcu.externaltools.gnu-tools-for-stm32.14.3.rel1.win32_1.0.100.202602081740/tools/bin/../lib/gcc/arm-none-eabi/14.3.1/../../../../arm-none-eabi/lib/thumb/v7e-m+fp/hard\libstdc++_nano.a
LOAD C:/ST/STM32CubeIDE_2.1.1/STM32CubeIDE/plugins/com.st.stm32cube.ide.mcu.externaltools.gnu-tools-for-stm32.14.3.rel1.win32_1.0.100.202602081740/tools/bin/../lib/gcc/arm-none-eabi/14.3.1/../../../../arm-none-eabi/lib/thumb/v7e-m+fp/hard\libm.a
LOAD C:/ST/STM32CubeIDE_2.1.1/STM32CubeIDE/plugins/com.st.stm32cube.ide.mcu.externaltools.gnu-tools-for-stm32.14.3.rel1.win32_1.0.100.202602081740/tools/bin/../lib/gcc/arm-none-eabi/14.3.1/../../../../arm-none-eabi/lib/thumb/v7e-m+fp/hard\libc_nano.a
START GROUP
LOAD C:/ST/STM32CubeIDE_2.1.1/STM32CubeIDE/plugins/com.st.stm32cube.ide.mcu.externaltools.gnu-tools-for-stm32.14.3.rel1.win32_1.0.100.202602081740/tools/bin/../lib/gcc/arm-none-eabi/14.3.1/thumb/v7e-m+fp/hard\libgcc.a
LOAD C:/ST/STM32CubeIDE_2.1.1/STM32CubeIDE/plugins/com.st.stm32cube.ide.mcu.externaltools.gnu-tools-for-stm32.14.3.rel1.win32_1.0.100.202602081740/tools/bin/../lib/gcc/arm-none-eabi/14.3.1/../../../../arm-none-eabi/lib/thumb/v7e-m+fp/hard\libc_nano.a
END GROUP
START GROUP
LOAD C:/ST/STM32CubeIDE_2.1.1/STM32CubeIDE/plugins/com.st.stm32cube.ide.mcu.externaltools.gnu-tools-for-stm32.14.3.rel1.win32_1.0.100.202602081740/tools/bin/../lib/gcc/arm-none-eabi/14.3.1/thumb/v7e-m+fp/hard\libgcc.a
LOAD C:/ST/STM32CubeIDE_2.1.1/STM32CubeIDE/plugins/com.st.stm32cube.ide.mcu.externaltools.gnu-tools-for-stm32.14.3.rel1.win32_1.0.100.202602081740/tools/bin/../lib/gcc/arm-none-eabi/14.3.1/../../../../arm-none-eabi/lib/thumb/v7e-m+fp/hard\libc_nano.a
END GROUP
LOAD C:/ST/STM32CubeIDE_2.1.1/STM32CubeIDE/plugins/com.st.stm32cube.ide.mcu.externaltools.gnu-tools-for-stm32.14.3.rel1.win32_1.0.100.202602081740/tools/bin/../lib/gcc/arm-none-eabi/14.3.1/thumb/v7e-m+fp/hard/crtend.o
LOAD C:/ST/STM32CubeIDE_2.1.1/STM32CubeIDE/plugins/com.st.stm32cube.ide.mcu.externaltools.gnu-tools-for-stm32.14.3.rel1.win32_1.0.100.202602081740/tools/bin/../lib/gcc/arm-none-eabi/14.3.1/thumb/v7e-m+fp/hard/crtn.o
                0x20018000                        _estack = (ORIGIN (RAM) + LENGTH (RAM))
                0x00000200                        _Min_Heap_Size = 0x200
                0x00000400                        _Min_Stack_Size = 0x400

.isr_vector     0x08000000      0x188
                0x08000000                        . = ALIGN (0x4)
 *(.isr_vector)
 .isr_vector    0x08000000      0x188 ./Core/Startup/startup_stm32l476rgtx.o
                0x08000000                g_pfnVectors
                0x08000188                        . = ALIGN (0x4)

.text           0x08000190     0x82d8
                0x08000190                        . = ALIGN (0x4)
 *(.text)
 .text          0x08000190       0x40 C:/ST/STM32CubeIDE_2.1.1/STM32CubeIDE/plugins/com.st.stm32cube.ide.mcu.externaltools.gnu-tools-for-stm32.14.3.rel1.win32_1.0.100.202602081740/tools/bin/../lib/gcc/arm-none-eabi/14.3.1/thumb/v7e-m+fp/hard/crtbegin.o
 .text          0x080001d0       0x30 C:/ST/STM32CubeIDE_2.1.1/STM32CubeIDE/plugins/com.st.stm32cube.ide.mcu.externaltools.gnu-tools-for-stm32.14.3.rel1.win32_1.0.100.202602081740/tools/bin/../lib/gcc/arm-none-eabi/14.3.1/thumb/v7e-m+fp/hard\libgcc.a(_aeabi_uldivmod.o)
                0x080001d0                __aeabi_uldivmod
 .text          0x08000200      0x2f8 C:/ST/STM32CubeIDE_2.1.1/STM32CubeIDE/plugins/com.st.stm32cube.ide.mcu.externaltools.gnu-tools-for-stm32.14.3.rel1.win32_1.0.100.202602081740/tools/bin/../lib/gcc/arm-none-eabi/14.3.1/thumb/v7e-m+fp/hard\libgcc.a(_udivmoddi4.o)
                0x08000200                __udivmoddi4
 .text          0x080004f8        0x4 C:/ST/STM32CubeIDE_2.1.1/STM32CubeIDE/plugins/com.st.stm32cube.ide.mcu.externaltools.gnu-tools-for-stm32.14.3.rel1.win32_1.0.100.202602081740/tools/bin/../lib/gcc/arm-none-eabi/14.3.1/thumb/v7e-m+fp/hard\libgcc.a(_dvmd_tls.o)
                0x080004f8                __aeabi_idiv0
                0x080004f8                __aeabi_ldiv0
 *(.text*)
 .text.MX_ADC1_Init
                0x080004fc       0xf0 ./Core/Src/adc.o
                0x080004fc                MX_ADC1_Init
 .text.HAL_ADC_MspInit
                0x080005ec       0xd0 ./Core/Src/adc.o
                0x080005ec                HAL_ADC_MspInit
 .text.MX_FREERTOS_Init
                0x080006bc        0xc ./Core/Src/freertos.o
                0x080006bc                MX_FREERTOS_Init
 .text.MX_GPIO_Init
                0x080006c8      0x164 ./Core/Src/gpio.o
                0x080006c8                MX_GPIO_Init
 .text.MX_IWDG_Init
                0x0800082c       0x3c ./Core/Src/iwdg.o
                0x0800082c                MX_IWDG_Init
 .text.main     0x08000868       0x3c ./Core/Src/main.o
                0x08000868                main
 .text.SystemClock_Config
                0x080008a4       0xa6 ./Core/Src/main.o
                0x080008a4                SystemClock_Config
 *fill*         0x0800094a        0x2 
 .text.HAL_TIM_PeriodElapsedCallback
                0x0800094c       0x24 ./Core/Src/main.o
                0x0800094c                HAL_TIM_PeriodElapsedCallback
 .text.Error_Handler
                0x08000970        0xc ./Core/Src/main.o
                0x08000970                Error_Handler
 .text.MX_SPI1_Init
                0x0800097c       0x7c ./Core/Src/spi.o
                0x0800097c                MX_SPI1_Init
 .text.HAL_SPI_MspInit
                0x080009f8       0x84 ./Core/Src/spi.o
                0x080009f8                HAL_SPI_MspInit
 .text.HAL_MspInit
                0x08000a7c       0x50 ./Core/Src/stm32l4xx_hal_msp.o
                0x08000a7c                HAL_MspInit
 .text.HAL_InitTick
                0x08000acc       0xdc ./Core/Src/stm32l4xx_hal_timebase_tim.o
                0x08000acc                HAL_InitTick
 .text.NMI_Handler
                0x08000ba8        0x8 ./Core/Src/stm32l4xx_it.o
                0x08000ba8                NMI_Handler
 .text.HardFault_Handler
                0x08000bb0        0x8 ./Core/Src/stm32l4xx_it.o
                0x08000bb0                HardFault_Handler
 .text.MemManage_Handler
                0x08000bb8        0x8 ./Core/Src/stm32l4xx_it.o
                0x08000bb8                MemManage_Handler
 .text.BusFault_Handler
                0x08000bc0        0x8 ./Core/Src/stm32l4xx_it.o
                0x08000bc0                BusFault_Handler
 .text.UsageFault_Handler
                0x08000bc8        0x8 ./Core/Src/stm32l4xx_it.o
                0x08000bc8                UsageFault_Handler
 .text.DebugMon_Handler
                0x08000bd0        0xe ./Core/Src/stm32l4xx_it.o
                0x08000bd0                DebugMon_Handler
 .text.EXTI3_IRQHandler
                0x08000bde        0xe ./Core/Src/stm32l4xx_it.o
                0x08000bde                EXTI3_IRQHandler
 .text.TIM1_UP_TIM16_IRQHandler
                0x08000bec       0x14 ./Core/Src/stm32l4xx_it.o
                0x08000bec                TIM1_UP_TIM16_IRQHandler
 .text.SystemInit
                0x08000c00       0x24 ./Core/Src/system_stm32l4xx.o
                0x08000c00                SystemInit
 .text.MX_TIM3_Init
                0x08000c24       0xb4 ./Core/Src/tim.o
                0x08000c24                MX_TIM3_Init
 .text.MX_TIM6_Init
                0x08000cd8       0x6c ./Core/Src/tim.o
                0x08000cd8                MX_TIM6_Init
 .text.HAL_TIM_PWM_MspInit
                0x08000d44       0x40 ./Core/Src/tim.o
                0x08000d44                HAL_TIM_PWM_MspInit
 .text.HAL_TIM_Base_MspInit
                0x08000d84       0x40 ./Core/Src/tim.o
                0x08000d84                HAL_TIM_Base_MspInit
 .text.HAL_TIM_MspPostInit
                0x08000dc4       0x70 ./Core/Src/tim.o
                0x08000dc4                HAL_TIM_MspPostInit
 .text.MX_USART2_UART_Init
                0x08000e34       0x60 ./Core/Src/usart.o
                0x08000e34                MX_USART2_UART_Init
 .text.HAL_UART_MspInit
                0x08000e94       0xb8 ./Core/Src/usart.o
                0x08000e94                HAL_UART_MspInit
 .text.Reset_Handler
                0x08000f4c       0x50 ./Core/Startup/startup_stm32l476rgtx.o
                0x08000f4c                Reset_Handler
 .text.Default_Handler
                0x08000f9c        0x2 ./Core/Startup/startup_stm32l476rgtx.o
                0x08000f9c                RTC_Alarm_IRQHandler
                0x08000f9c                EXTI2_IRQHandler
                0x08000f9c                TIM8_TRG_COM_IRQHandler
                0x08000f9c                TIM8_CC_IRQHandler
                0x08000f9c                TIM1_CC_IRQHandler
                0x08000f9c                TSC_IRQHandler
                0x08000f9c                TAMP_STAMP_IRQHandler
                0x08000f9c                LPTIM2_IRQHandler
                0x08000f9c                DFSDM1_FLT1_IRQHandler
                0x08000f9c                I2C3_ER_IRQHandler
                0x08000f9c                DFSDM1_FLT2_IRQHandler
                0x08000f9c                EXTI0_IRQHandler
                0x08000f9c                I2C2_EV_IRQHandler
                0x08000f9c                CAN1_RX0_IRQHandler
                0x08000f9c                FPU_IRQHandler
                0x08000f9c                ADC1_2_IRQHandler
                0x08000f9c                SPI1_IRQHandler
                0x08000f9c                TIM6_DAC_IRQHandler
                0x08000f9c                TIM8_UP_IRQHandler
                0x08000f9c                DMA2_Channel2_IRQHandler
                0x08000f9c                DMA1_Channel4_IRQHandler
                0x08000f9c                SAI2_IRQHandler
                0x08000f9c                DFSDM1_FLT3_IRQHandler
                0x08000f9c                USART3_IRQHandler
                0x08000f9c                DMA1_Channel7_IRQHandler
                0x08000f9c                CAN1_RX1_IRQHandler
                0x08000f9c                LCD_IRQHandler
                0x08000f9c                UART5_IRQHandler
                0x08000f9c                ADC3_IRQHandler
                0x08000f9c                TIM4_IRQHandler
                0x08000f9c                DMA2_Channel1_IRQHandler
                0x08000f9c                QUADSPI_IRQHandler
                0x08000f9c                I2C1_EV_IRQHandler
                0x08000f9c                DMA1_Channel6_IRQHandler
                0x08000f9c                UART4_IRQHandler
                0x08000f9c                DMA2_Channel4_IRQHandler
                0x08000f9c                TIM3_IRQHandler
                0x08000f9c                RCC_IRQHandler
                0x08000f9c                DMA1_Channel1_IRQHandler
                0x08000f9c                Default_Handler
                0x08000f9c                DMA2_Channel7_IRQHandler
                0x08000f9c                EXTI15_10_IRQHandler
                0x08000f9c                TIM7_IRQHandler
                0x08000f9c                SDMMC1_IRQHandler
                0x08000f9c                TIM5_IRQHandler
                0x08000f9c                I2C3_EV_IRQHandler
                0x08000f9c                EXTI9_5_IRQHandler
                0x08000f9c                RTC_WKUP_IRQHandler
                0x08000f9c                PVD_PVM_IRQHandler
                0x08000f9c                SPI2_IRQHandler
                0x08000f9c                CAN1_TX_IRQHandler
                0x08000f9c                DMA2_Channel5_IRQHandler
                0x08000f9c                DMA1_Channel5_IRQHandler
                0x08000f9c                EXTI4_IRQHandler
                0x08000f9c                RNG_IRQHandler
                0x08000f9c                TIM1_TRG_COM_TIM17_IRQHandler
                0x08000f9c                DMA1_Channel3_IRQHandler
                0x08000f9c                COMP_IRQHandler
                0x08000f9c                WWDG_IRQHandler
                0x08000f9c                LPUART1_IRQHandler
                0x08000f9c                DMA2_Channel6_IRQHandler
                0x08000f9c                TIM2_IRQHandler
                0x08000f9c                EXTI1_IRQHandler
                0x08000f9c                USART2_IRQHandler
                0x08000f9c                DFSDM1_FLT0_IRQHandler
                0x08000f9c                I2C2_ER_IRQHandler
                0x08000f9c                DMA1_Channel2_IRQHandler
                0x08000f9c                TIM8_BRK_IRQHandler
                0x08000f9c                CAN1_SCE_IRQHandler
                0x08000f9c                FLASH_IRQHandler
                0x08000f9c                USART1_IRQHandler
                0x08000f9c                OTG_FS_IRQHandler
                0x08000f9c                SPI3_IRQHandler
                0x08000f9c                I2C1_ER_IRQHandler
                0x08000f9c                FMC_IRQHandler
                0x08000f9c                SWPMI1_IRQHandler
                0x08000f9c                LPTIM1_IRQHandler
                0x08000f9c                SAI1_IRQHandler
                0x08000f9c                DMA2_Channel3_IRQHandler
                0x08000f9c                TIM1_BRK_TIM15_IRQHandler
 *fill*         0x08000f9e        0x2 
 .text.HAL_Init
                0x08000fa0       0x40 ./Drivers/STM32L4xx_HAL_Driver/Src/stm32l4xx_hal.o
                0x08000fa0                HAL_Init
 .text.HAL_IncTick
                0x08000fe0       0x28 ./Drivers/STM32L4xx_HAL_Driver/Src/stm32l4xx_hal.o
                0x08000fe0                HAL_IncTick
 .text.HAL_GetTick
                0x08001008       0x18 ./Drivers/STM32L4xx_HAL_Driver/Src/stm32l4xx_hal.o
                0x08001008                HAL_GetTick
 .text.LL_ADC_SetCommonClock
                0x08001020       0x26 ./Drivers/STM32L4xx_HAL_Driver/Src/stm32l4xx_hal_adc.o
 .text.LL_ADC_SetCommonPathInternalCh
                0x08001046       0x26 ./Drivers/STM32L4xx_HAL_Driver/Src/stm32l4xx_hal_adc.o
 .text.LL_ADC_GetCommonPathInternalCh
                0x0800106c       0x1c ./Drivers/STM32L4xx_HAL_Driver/Src/stm32l4xx_hal_adc.o
 .text.LL_ADC_SetOffset
                0x08001088       0x48 ./Drivers/STM32L4xx_HAL_Driver/Src/stm32l4xx_hal_adc.o
 .text.LL_ADC_GetOffsetChannel
                0x080010d0       0x2c ./Drivers/STM32L4xx_HAL_Driver/Src/stm32l4xx_hal_adc.o
 .text.LL_ADC_SetOffsetState
                0x080010fc       0x36 ./Drivers/STM32L4xx_HAL_Driver/Src/stm32l4xx_hal_adc.o
 .text.LL_ADC_REG_SetSequencerRanks
                0x08001132       0x58 ./Drivers/STM32L4xx_HAL_Driver/Src/stm32l4xx_hal_adc.o
 .text.LL_ADC_SetChannelSamplingTime
                0x0800118a       0x56 ./Drivers/STM32L4xx_HAL_Driver/Src/stm32l4xx_hal_adc.o
 .text.LL_ADC_SetChannelSingleDiff
                0x080011e0       0x48 ./Drivers/STM32L4xx_HAL_Driver/Src/stm32l4xx_hal_adc.o
 .text.LL_ADC_DisableDeepPowerDown
                0x08001228       0x24 ./Drivers/STM32L4xx_HAL_Driver/Src/stm32l4xx_hal_adc.o
 .text.LL_ADC_IsDeepPowerDownEnabled
                0x0800124c       0x28 ./Drivers/STM32L4xx_HAL_Driver/Src/stm32l4xx_hal_adc.o
 .text.LL_ADC_EnableInternalRegulator
                0x08001274       0x28 ./Drivers/STM32L4xx_HAL_Driver/Src/stm32l4xx_hal_adc.o
 .text.LL_ADC_IsInternalRegulatorEnabled
                0x0800129c       0x28 ./Drivers/STM32L4xx_HAL_Driver/Src/stm32l4xx_hal_adc.o
 .text.LL_ADC_IsEnabled
                0x080012c4       0x26 ./Drivers/STM32L4xx_HAL_Driver/Src/stm32l4xx_hal_adc.o
 .text.LL_ADC_REG_IsConversionOngoing
                0x080012ea       0x26 ./Drivers/STM32L4xx_HAL_Driver/Src/stm32l4xx_hal_adc.o
 .text.LL_ADC_INJ_IsConversionOngoing
                0x08001310       0x26 ./Drivers/STM32L4xx_HAL_Driver/Src/stm32l4xx_hal_adc.o
 *fill*         0x08001336        0x2 
 .text.HAL_ADC_Init
                0x08001338      0x2a0 ./Drivers/STM32L4xx_HAL_Driver/Src/stm32l4xx_hal_adc.o
                0x08001338                HAL_ADC_Init
 .text.HAL_ADC_ConfigChannel
                0x080015d8      0x7e4 ./Drivers/STM32L4xx_HAL_Driver/Src/stm32l4xx_hal_adc.o
                0x080015d8                HAL_ADC_ConfigChannel
 .text.LL_ADC_IsEnabled
                0x08001dbc       0x26 ./Drivers/STM32L4xx_HAL_Driver/Src/stm32l4xx_hal_adc_ex.o
 .text.LL_ADC_REG_IsConversionOngoing
                0x08001de2       0x26 ./Drivers/STM32L4xx_HAL_Driver/Src/stm32l4xx_hal_adc_ex.o
 .text.HAL_ADCEx_MultiModeConfigChannel
                0x08001e08      0x160 ./Drivers/STM32L4xx_HAL_Driver/Src/stm32l4xx_hal_adc_ex.o
                0x08001e08                HAL_ADCEx_MultiModeConfigChannel
 .text.__NVIC_SetPriorityGrouping
                0x08001f68       0x48 ./Drivers/STM32L4xx_HAL_Driver/Src/stm32l4xx_hal_cortex.o
 .text.__NVIC_GetPriorityGrouping
                0x08001fb0       0x1c ./Drivers/STM32L4xx_HAL_Driver/Src/stm32l4xx_hal_cortex.o
 .text.__NVIC_EnableIRQ
                0x08001fcc       0x3c ./Drivers/STM32L4xx_HAL_Driver/Src/stm32l4xx_hal_cortex.o
 .text.__NVIC_SetPriority
                0x08002008       0x54 ./Drivers/STM32L4xx_HAL_Driver/Src/stm32l4xx_hal_cortex.o
 .text.NVIC_EncodePriority
                0x0800205c       0x66 ./Drivers/STM32L4xx_HAL_Driver/Src/stm32l4xx_hal_cortex.o
 .text.HAL_NVIC_SetPriorityGrouping
                0x080020c2       0x16 ./Drivers/STM32L4xx_HAL_Driver/Src/stm32l4xx_hal_cortex.o
                0x080020c2                HAL_NVIC_SetPriorityGrouping
 .text.HAL_NVIC_SetPriority
                0x080020d8       0x38 ./Drivers/STM32L4xx_HAL_Driver/Src/stm32l4xx_hal_cortex.o
                0x080020d8                HAL_NVIC_SetPriority
 .text.HAL_NVIC_EnableIRQ
                0x08002110       0x1c ./Drivers/STM32L4xx_HAL_Driver/Src/stm32l4xx_hal_cortex.o
                0x08002110                HAL_NVIC_EnableIRQ
 .text.HAL_GPIO_Init
                0x0800212c      0x354 ./Drivers/STM32L4xx_HAL_Driver/Src/stm32l4xx_hal_gpio.o
                0x0800212c                HAL_GPIO_Init
 .text.HAL_GPIO_WritePin
                0x08002480       0x30 ./Drivers/STM32L4xx_HAL_Driver/Src/stm32l4xx_hal_gpio.o
                0x08002480                HAL_GPIO_WritePin
 .text.HAL_GPIO_TogglePin
                0x080024b0       0x34 ./Drivers/STM32L4xx_HAL_Driver/Src/stm32l4xx_hal_gpio.o
                0x080024b0                HAL_GPIO_TogglePin
 .text.HAL_GPIO_EXTI_IRQHandler
                0x080024e4       0x30 ./Drivers/STM32L4xx_HAL_Driver/Src/stm32l4xx_hal_gpio.o
                0x080024e4                HAL_GPIO_EXTI_IRQHandler
 .text.HAL_GPIO_EXTI_Callback
                0x08002514       0x16 ./Drivers/STM32L4xx_HAL_Driver/Src/stm32l4xx_hal_gpio.o
                0x08002514                HAL_GPIO_EXTI_Callback
 .text.HAL_IWDG_Init
                0x0800252a       0xa2 ./Drivers/STM32L4xx_HAL_Driver/Src/stm32l4xx_hal_iwdg.o
                0x0800252a                HAL_IWDG_Init
 .text.HAL_IWDG_Refresh
                0x080025cc       0x20 ./Drivers/STM32L4xx_HAL_Driver/Src/stm32l4xx_hal_iwdg.o
                0x080025cc                HAL_IWDG_Refresh
 .text.HAL_PWREx_GetVoltageRange
                0x080025ec       0x1c ./Drivers/STM32L4xx_HAL_Driver/Src/stm32l4xx_hal_pwr_ex.o
                0x080025ec                HAL_PWREx_GetVoltageRange
 .text.HAL_PWREx_ControlVoltageScaling
                0x08002608       0xac ./Drivers/STM32L4xx_HAL_Driver/Src/stm32l4xx_hal_pwr_ex.o
                0x08002608                HAL_PWREx_ControlVoltageScaling
 .text.HAL_RCC_OscConfig
                0x080026b4      0x7b8 ./Drivers/STM32L4xx_HAL_Driver/Src/stm32l4xx_hal_rcc.o
                0x080026b4                HAL_RCC_OscConfig
 .text.HAL_RCC_ClockConfig
                0x08002e6c      0x200 ./Drivers/STM32L4xx_HAL_Driver/Src/stm32l4xx_hal_rcc.o
                0x08002e6c                HAL_RCC_ClockConfig
 .text.HAL_RCC_GetSysClockFreq
                0x0800306c      0x118 ./Drivers/STM32L4xx_HAL_Driver/Src/stm32l4xx_hal_rcc.o
                0x0800306c                HAL_RCC_GetSysClockFreq
 .text.HAL_RCC_GetHCLKFreq
                0x08003184       0x18 ./Drivers/STM32L4xx_HAL_Driver/Src/stm32l4xx_hal_rcc.o
                0x08003184                HAL_RCC_GetHCLKFreq
 .text.HAL_RCC_GetPCLK1Freq
                0x0800319c       0x2c ./Drivers/STM32L4xx_HAL_Driver/Src/stm32l4xx_hal_rcc.o
                0x0800319c                HAL_RCC_GetPCLK1Freq
 .text.HAL_RCC_GetPCLK2Freq
                0x080031c8       0x2c ./Drivers/STM32L4xx_HAL_Driver/Src/stm32l4xx_hal_rcc.o
                0x080031c8                HAL_RCC_GetPCLK2Freq
 .text.HAL_RCC_GetClockConfig
                0x080031f4       0x64 ./Drivers/STM32L4xx_HAL_Driver/Src/stm32l4xx_hal_rcc.o
                0x080031f4                HAL_RCC_GetClockConfig
 .text.RCC_SetFlashLatencyFromMSIRange
                0x08003258       0xc0 ./Drivers/STM32L4xx_HAL_Driver/Src/stm32l4xx_hal_rcc.o
 .text.HAL_RCCEx_PeriphCLKConfig
                0x08003318      0x5d4 ./Drivers/STM32L4xx_HAL_Driver/Src/stm32l4xx_hal_rcc_ex.o
                0x08003318                HAL_RCCEx_PeriphCLKConfig
 .text.RCCEx_PLLSAI1_Config
                0x080038ec      0x1e8 ./Drivers/STM32L4xx_HAL_Driver/Src/stm32l4xx_hal_rcc_ex.o
 .text.RCCEx_PLLSAI2_Config
                0x08003ad4      0x1bc ./Drivers/STM32L4xx_HAL_Driver/Src/stm32l4xx_hal_rcc_ex.o
 .text.HAL_SPI_Init
                0x08003c90      0x146 ./Drivers/STM32L4xx_HAL_Driver/Src/stm32l4xx_hal_spi.o
                0x08003c90                HAL_SPI_Init
 .text.HAL_TIM_Base_Init
                0x08003dd6       0xae ./Drivers/STM32L4xx_HAL_Driver/Src/stm32l4xx_hal_tim.o
                0x08003dd6                HAL_TIM_Base_Init
 .text.HAL_TIM_Base_Start_IT
                0x08003e84       0xe0 ./Drivers/STM32L4xx_HAL_Driver/Src/stm32l4xx_hal_tim.o
                0x08003e84                HAL_TIM_Base_Start_IT
 .text.HAL_TIM_PWM_Init
                0x08003f64       0xae ./Drivers/STM32L4xx_HAL_Driver/Src/stm32l4xx_hal_tim.o
                0x08003f64                HAL_TIM_PWM_Init
 .text.HAL_TIM_IRQHandler
                0x08004012      0x20e ./Drivers/STM32L4xx_HAL_Driver/Src/stm32l4xx_hal_tim.o
                0x08004012                HAL_TIM_IRQHandler
 .text.HAL_TIM_PWM_ConfigChannel
                0x08004220      0x228 ./Drivers/STM32L4xx_HAL_Driver/Src/stm32l4xx_hal_tim.o
                0x08004220                HAL_TIM_PWM_ConfigChannel
 .text.HAL_TIM_OC_DelayElapsedCallback
                0x08004448       0x14 ./Drivers/STM32L4xx_HAL_Driver/Src/stm32l4xx_hal_tim.o
                0x08004448                HAL_TIM_OC_DelayElapsedCallback
 .text.HAL_TIM_IC_CaptureCallback
                0x0800445c       0x14 ./Drivers/STM32L4xx_HAL_Driver/Src/stm32l4xx_hal_tim.o
                0x0800445c                HAL_TIM_IC_CaptureCallback
 .text.HAL_TIM_PWM_PulseFinishedCallback
                0x08004470       0x14 ./Drivers/STM32L4xx_HAL_Driver/Src/stm32l4xx_hal_tim.o
                0x08004470                HAL_TIM_PWM_PulseFinishedCallback
 .text.HAL_TIM_TriggerCallback
                0x08004484       0x14 ./Drivers/STM32L4xx_HAL_Driver/Src/stm32l4xx_hal_tim.o
                0x08004484                HAL_TIM_TriggerCallback
 .text.TIM_Base_SetConfig
                0x08004498      0x140 ./Drivers/STM32L4xx_HAL_Driver/Src/stm32l4xx_hal_tim.o
                0x08004498                TIM_Base_SetConfig
 .text.TIM_OC1_SetConfig
                0x080045d8      0x124 ./Drivers/STM32L4xx_HAL_Driver/Src/stm32l4xx_hal_tim.o
 .text.TIM_OC2_SetConfig
                0x080046fc      0x118 ./Drivers/STM32L4xx_HAL_Driver/Src/stm32l4xx_hal_tim.o
                0x080046fc                TIM_OC2_SetConfig
 .text.TIM_OC3_SetConfig
                0x08004814      0x114 ./Drivers/STM32L4xx_HAL_Driver/Src/stm32l4xx_hal_tim.o
 .text.TIM_OC4_SetConfig
                0x08004928       0xd4 ./Drivers/STM32L4xx_HAL_Driver/Src/stm32l4xx_hal_tim.o
 .text.TIM_OC5_SetConfig
                0x080049fc       0xc8 ./Drivers/STM32L4xx_HAL_Driver/Src/stm32l4xx_hal_tim.o
 .text.TIM_OC6_SetConfig
                0x08004ac4       0xcc ./Drivers/STM32L4xx_HAL_Driver/Src/stm32l4xx_hal_tim.o
 .text.HAL_TIMEx_MasterConfigSynchronization
                0x08004b90      0x110 ./Drivers/STM32L4xx_HAL_Driver/Src/stm32l4xx_hal_tim_ex.o
                0x08004b90                HAL_TIMEx_MasterConfigSynchronization
 .text.HAL_TIMEx_CommutCallback
                0x08004ca0       0x14 ./Drivers/STM32L4xx_HAL_Driver/Src/stm32l4xx_hal_tim_ex.o
                0x08004ca0                HAL_TIMEx_CommutCallback
 .text.HAL_TIMEx_BreakCallback
                0x08004cb4       0x14 ./Drivers/STM32L4xx_HAL_Driver/Src/stm32l4xx_hal_tim_ex.o
                0x08004cb4                HAL_TIMEx_BreakCallback
 .text.HAL_TIMEx_Break2Callback
                0x08004cc8       0x14 ./Drivers/STM32L4xx_HAL_Driver/Src/stm32l4xx_hal_tim_ex.o
                0x08004cc8                HAL_TIMEx_Break2Callback
 .text.HAL_UART_Init
                0x08004cdc       0x9c ./Drivers/STM32L4xx_HAL_Driver/Src/stm32l4xx_hal_uart.o
                0x08004cdc                HAL_UART_Init
 .text.HAL_UART_Transmit
                0x08004d78      0x126 ./Drivers/STM32L4xx_HAL_Driver/Src/stm32l4xx_hal_uart.o
                0x08004d78                HAL_UART_Transmit
 *fill*         0x08004e9e        0x2 
 .text.UART_SetConfig
                0x08004ea0      0x570 ./Drivers/STM32L4xx_HAL_Driver/Src/stm32l4xx_hal_uart.o
                0x08004ea0                UART_SetConfig
 .text.UART_AdvFeatureConfig
                0x08005410      0x144 ./Drivers/STM32L4xx_HAL_Driver/Src/stm32l4xx_hal_uart.o
                0x08005410                UART_AdvFeatureConfig
 .text.UART_CheckIdleState
                0x08005554      0x150 ./Drivers/STM32L4xx_HAL_Driver/Src/stm32l4xx_hal_uart.o
                0x08005554                UART_CheckIdleState
 .text.UART_WaitOnFlagUntilTimeout
                0x080056a4       0xda ./Drivers/STM32L4xx_HAL_Driver/Src/stm32l4xx_hal_uart.o
                0x080056a4                UART_WaitOnFlagUntilTimeout
 .text.UART_EndRxTransfer
                0x0800577e       0xc8 ./Drivers/STM32L4xx_HAL_Driver/Src/stm32l4xx_hal_uart.o
 *fill*         0x08005846        0x2 
 .text.MX_FATFS_Init
                0x08005848       0x24 ./FATFS/App/fatfs.o
                0x08005848                MX_FATFS_Init
 .text.USER_initialize
                0x0800586c       0x28 ./FATFS/Target/user_diskio.o
                0x0800586c                USER_initialize
 .text.USER_status
                0x08005894       0x28 ./FATFS/Target/user_diskio.o
                0x08005894                USER_status
 .text.USER_read
                0x080058bc       0x1e ./FATFS/Target/user_diskio.o
                0x080058bc                USER_read
 .text.USER_write
                0x080058da       0x1e ./FATFS/Target/user_diskio.o
                0x080058da                USER_write
 .text.USER_ioctl
                0x080058f8       0x22 ./FATFS/Target/user_diskio.o
                0x080058f8                USER_ioctl
 *fill*         0x0800591a        0x2 
 .text.FATFS_LinkDriverEx
                0x0800591c       0x98 ./Middlewares/Third_Party/FatFs/src/ff_gen_drv.o
                0x0800591c                FATFS_LinkDriverEx
 .text.FATFS_LinkDriver
                0x080059b4       0x1e ./Middlewares/Third_Party/FatFs/src/ff_gen_drv.o
                0x080059b4                FATFS_LinkDriver
 *fill*         0x080059d2        0x2 
 .text.__NVIC_SetPriority
                0x080059d4       0x54 ./Middlewares/Third_Party/FreeRTOS/Source/CMSIS_RTOS_V2/cmsis_os2.o
 .text.SysTick_Handler
                0x08005a28       0x20 ./Middlewares/Third_Party/FreeRTOS/Source/CMSIS_RTOS_V2/cmsis_os2.o
                0x08005a28                SysTick_Handler
 .text.SVC_Setup
                0x08005a48       0x12 ./Middlewares/Third_Party/FreeRTOS/Source/CMSIS_RTOS_V2/cmsis_os2.o
 *fill*         0x08005a5a        0x2 
 .text.osKernelInitialize
                0x08005a5c       0x48 ./Middlewares/Third_Party/FreeRTOS/Source/CMSIS_RTOS_V2/cmsis_os2.o
                0x08005a5c                osKernelInitialize
 .text.osKernelStart
                0x08005aa4       0x4c ./Middlewares/Third_Party/FreeRTOS/Source/CMSIS_RTOS_V2/cmsis_os2.o
                0x08005aa4                osKernelStart
 .text.vListInitialise
                0x08005af0       0x40 ./Middlewares/Third_Party/FreeRTOS/Source/list.o
                0x08005af0                vListInitialise
 .text.vListInitialiseItem
                0x08005b30       0x1a ./Middlewares/Third_Party/FreeRTOS/Source/list.o
                0x08005b30                vListInitialiseItem
 .text.vListInsertEnd
                0x08005b4a       0x48 ./Middlewares/Third_Party/FreeRTOS/Source/list.o
                0x08005b4a                vListInsertEnd
 .text.vListInsert
                0x08005b92       0x72 ./Middlewares/Third_Party/FreeRTOS/Source/list.o
                0x08005b92                vListInsert
 .text.uxListRemove
                0x08005c04       0x54 ./Middlewares/Third_Party/FreeRTOS/Source/list.o
                0x08005c04                uxListRemove
 .text.xQueueGenericReset
                0x08005c58       0xd4 ./Middlewares/Third_Party/FreeRTOS/Source/queue.o
                0x08005c58                xQueueGenericReset
 .text.xQueueGenericCreateStatic
                0x08005d2c       0xfa ./Middlewares/Third_Party/FreeRTOS/Source/queue.o
                0x08005d2c                xQueueGenericCreateStatic
 .text.prvInitialiseNewQueue
                0x08005e26       0x46 ./Middlewares/Third_Party/FreeRTOS/Source/queue.o
 .text.prvInitialiseMutex
                0x08005e6c       0x34 ./Middlewares/Third_Party/FreeRTOS/Source/queue.o
 .text.xQueueCreateMutexStatic
                0x08005ea0       0x36 ./Middlewares/Third_Party/FreeRTOS/Source/queue.o
                0x08005ea0                xQueueCreateMutexStatic
 *fill*         0x08005ed6        0x2 
 .text.xQueueGenericSend
                0x08005ed8      0x204 ./Middlewares/Third_Party/FreeRTOS/Source/queue.o
                0x08005ed8                xQueueGenericSend
 .text.xQueueGenericSendFromISR
                0x080060dc      0x13c ./Middlewares/Third_Party/FreeRTOS/Source/queue.o
                0x080060dc                xQueueGenericSendFromISR
 .text.xQueueReceive
                0x08006218      0x1c4 ./Middlewares/Third_Party/FreeRTOS/Source/queue.o
                0x08006218                xQueueReceive
 .text.prvCopyDataToQueue
                0x080063dc       0xd4 ./Middlewares/Third_Party/FreeRTOS/Source/queue.o
 .text.prvCopyDataFromQueue
                0x080064b0       0x4c ./Middlewares/Third_Party/FreeRTOS/Source/queue.o
 .text.prvUnlockQueue
                0x080064fc       0xa4 ./Middlewares/Third_Party/FreeRTOS/Source/queue.o
 .text.prvIsQueueEmpty
                0x080065a0       0x2c ./Middlewares/Third_Party/FreeRTOS/Source/queue.o
 .text.prvIsQueueFull
                0x080065cc       0x30 ./Middlewares/Third_Party/FreeRTOS/Source/queue.o
 .text.vQueueAddToRegistry
                0x080065fc       0x54 ./Middlewares/Third_Party/FreeRTOS/Source/queue.o
                0x080065fc                vQueueAddToRegistry
 .text.vQueueWaitForMessageRestricted
                0x08006650       0x68 ./Middlewares/Third_Party/FreeRTOS/Source/queue.o
                0x08006650                vQueueWaitForMessageRestricted
 .text.xTaskCreateStatic
                0x080066b8       0xc0 ./Middlewares/Third_Party/FreeRTOS/Source/tasks.o
                0x080066b8                xTaskCreateStatic
 .text.prvInitialiseNewTask
                0x08006778      0x120 ./Middlewares/Third_Party/FreeRTOS/Source/tasks.o
 .text.prvAddNewTaskToReadyList
                0x08006898       0xe0 ./Middlewares/Third_Party/FreeRTOS/Source/tasks.o
 .text.vTaskDelay
                0x08006978       0x6c ./Middlewares/Third_Party/FreeRTOS/Source/tasks.o
                0x08006978                vTaskDelay
 .text.vTaskStartScheduler
                0x080069e4       0xd0 ./Middlewares/Third_Party/FreeRTOS/Source/tasks.o
                0x080069e4                vTaskStartScheduler
 .text.vTaskSuspendAll
                0x08006ab4       0x1c ./Middlewares/Third_Party/FreeRTOS/Source/tasks.o
                0x08006ab4                vTaskSuspendAll
 .text.xTaskResumeAll
                0x08006ad0      0x13c ./Middlewares/Third_Party/FreeRTOS/Source/tasks.o
                0x08006ad0                xTaskResumeAll
 .text.xTaskGetTickCount
                0x08006c0c       0x20 ./Middlewares/Third_Party/FreeRTOS/Source/tasks.o
                0x08006c0c                xTaskGetTickCount
 .text.xTaskIncrementTick
                0x08006c2c      0x174 ./Middlewares/Third_Party/FreeRTOS/Source/tasks.o
                0x08006c2c                xTaskIncrementTick
 .text.vTaskSwitchContext
                0x08006da0       0xbc ./Middlewares/Third_Party/FreeRTOS/Source/tasks.o
                0x08006da0                vTaskSwitchContext
 .text.vTaskPlaceOnEventList
                0x08006e5c       0x4c ./Middlewares/Third_Party/FreeRTOS/Source/tasks.o
                0x08006e5c                vTaskPlaceOnEventList
 .text.vTaskPlaceOnEventListRestricted
                0x08006ea8       0x58 ./Middlewares/Third_Party/FreeRTOS/Source/tasks.o
                0x08006ea8                vTaskPlaceOnEventListRestricted
 .text.xTaskRemoveFromEventList
                0x08006f00       0xc8 ./Middlewares/Third_Party/FreeRTOS/Source/tasks.o
                0x08006f00                xTaskRemoveFromEventList
 .text.vTaskInternalSetTimeOutState
                0x08006fc8       0x2c ./Middlewares/Third_Party/FreeRTOS/Source/tasks.o
                0x08006fc8                vTaskInternalSetTimeOutState
 .text.xTaskCheckForTimeOut
                0x08006ff4       0xc8 ./Middlewares/Third_Party/FreeRTOS/Source/tasks.o
                0x08006ff4                xTaskCheckForTimeOut
 .text.vTaskMissedYield
                0x080070bc       0x18 ./Middlewares/Third_Party/FreeRTOS/Source/tasks.o
                0x080070bc                vTaskMissedYield
 .text.prvIdleTask
                0x080070d4       0x30 ./Middlewares/Third_Party/FreeRTOS/Source/tasks.o
 .text.prvInitialiseTaskLists
                0x08007104       0x80 ./Middlewares/Third_Party/FreeRTOS/Source/tasks.o
 .text.prvCheckTasksWaitingTermination
                0x08007184       0x5c ./Middlewares/Third_Party/FreeRTOS/Source/tasks.o
 .text.prvDeleteTCB
                0x080071e0       0x60 ./Middlewares/Third_Party/FreeRTOS/Source/tasks.o
 .text.prvResetNextTaskUnblockTime
                0x08007240       0x40 ./Middlewares/Third_Party/FreeRTOS/Source/tasks.o
 .text.xTaskGetSchedulerState
                0x08007280       0x3c ./Middlewares/Third_Party/FreeRTOS/Source/tasks.o
                0x08007280                xTaskGetSchedulerState
 .text.xTaskPriorityDisinherit
                0x080072bc       0xe0 ./Middlewares/Third_Party/FreeRTOS/Source/tasks.o
                0x080072bc                xTaskPriorityDisinherit
 .text.prvAddCurrentTaskToDelayedList
                0x0800739c       0xa8 ./Middlewares/Third_Party/FreeRTOS/Source/tasks.o
 .text.xTimerCreateTimerTask
                0x08007444       0x94 ./Middlewares/Third_Party/FreeRTOS/Source/timers.o
                0x08007444                xTimerCreateTimerTask
 .text.xTimerGenericCommand
                0x080074d8       0x9c ./Middlewares/Third_Party/FreeRTOS/Source/timers.o
                0x080074d8                xTimerGenericCommand
 .text.prvProcessExpiredTimer
                0x08007574       0x9c ./Middlewares/Third_Party/FreeRTOS/Source/timers.o
 .text.prvTimerTask
                0x08007610       0x26 ./Middlewares/Third_Party/FreeRTOS/Source/timers.o
 *fill*         0x08007636        0x2 
 .text.prvProcessTimerOrBlockTask
                0x08007638       0x9c ./Middlewares/Third_Party/FreeRTOS/Source/timers.o
 .text.prvGetNextExpireTime
                0x080076d4       0x48 ./Middlewares/Third_Party/FreeRTOS/Source/timers.o
 .text.prvSampleTimeNow
                0x0800771c       0x40 ./Middlewares/Third_Party/FreeRTOS/Source/timers.o
 .text.prvInsertTimerInActiveList
                0x0800775c       0x84 ./Middlewares/Third_Party/FreeRTOS/Source/timers.o
 .text.prvProcessReceivedCommands
                0x080077e0      0x1cc ./Middlewares/Third_Party/FreeRTOS/Source/timers.o
 .text.prvSwitchTimerLists
                0x080079ac       0xcc ./Middlewares/Third_Party/FreeRTOS/Source/timers.o
 .text.prvCheckForValidListAndQueue
                0x08007a78       0x80 ./Middlewares/Third_Party/FreeRTOS/Source/timers.o
 .text.pxPortInitialiseStack
                0x08007af8       0x68 ./Middlewares/Third_Party/FreeRTOS/Source/portable/GCC/ARM_CM4F/port.o
                0x08007af8                pxPortInitialiseStack
 .text.prvTaskExitError
                0x08007b60       0x5c ./Middlewares/Third_Party/FreeRTOS/Source/portable/GCC/ARM_CM4F/port.o
 *fill*         0x08007bbc        0x4 
 .text.SVC_Handler
                0x08007bc0       0x28 ./Middlewares/Third_Party/FreeRTOS/Source/portable/GCC/ARM_CM4F/port.o
                0x08007bc0                SVC_Handler
 .text.prvPortStartFirstTask
                0x08007be8       0x28 ./Middlewares/Third_Party/FreeRTOS/Source/portable/GCC/ARM_CM4F/port.o
 .text.xPortStartScheduler
                0x08007c10      0x148 ./Middlewares/Third_Party/FreeRTOS/Source/portable/GCC/ARM_CM4F/port.o
                0x08007c10                xPortStartScheduler
 .text.vPortEnterCritical
                0x08007d58       0x64 ./Middlewares/Third_Party/FreeRTOS/Source/portable/GCC/ARM_CM4F/port.o
                0x08007d58                vPortEnterCritical
 .text.vPortExitCritical
                0x08007dbc       0x54 ./Middlewares/Third_Party/FreeRTOS/Source/portable/GCC/ARM_CM4F/port.o
                0x08007dbc                vPortExitCritical
 .text.PendSV_Handler
                0x08007e10       0x68 ./Middlewares/Third_Party/FreeRTOS/Source/portable/GCC/ARM_CM4F/port.o
                0x08007e10                PendSV_Handler
 .text.xPortSysTickHandler
                0x08007e78       0x44 ./Middlewares/Third_Party/FreeRTOS/Source/portable/GCC/ARM_CM4F/port.o
                0x08007e78                xPortSysTickHandler
 .text.vPortSetupTimerInterrupt
                0x08007ebc       0x48 ./Middlewares/Third_Party/FreeRTOS/Source/portable/GCC/ARM_CM4F/port.o
                0x08007ebc                vPortSetupTimerInterrupt
 .text.vPortEnableVFP
                0x08007f04       0x14 ./Middlewares/Third_Party/FreeRTOS/Source/portable/GCC/ARM_CM4F/port.o
 .text.vPortValidateInterruptPriority
                0x08007f18       0x84 ./Middlewares/Third_Party/FreeRTOS/Source/portable/GCC/ARM_CM4F/port.o
                0x08007f18                vPortValidateInterruptPriority
 .text.vPortFree
                0x08007f9c       0xc8 ./Middlewares/Third_Party/FreeRTOS/Source/portable/MemMang/heap_4.o
                0x08007f9c                vPortFree
 .text.prvInsertBlockIntoFreeList
                0x08008064       0xb4 ./Middlewares/Third_Party/FreeRTOS/Source/portable/MemMang/heap_4.o
 .text.kern_boot
                0x08008118        0xc ./firmware/system/init.o
                0x08008118                kern_boot
 .text._ZN4kern8recorder9SensorBus4initEv
                0x08008124       0x20 ./firmware/system/orchestrator.o
                0x08008124                kern::recorder::SensorBus::init()
 .text._ZN4kern3hal4gpio4maskENS_5board3PinE
                0x08008144       0x22 ./firmware/system/orchestrator.o
                0x08008144                kern::hal::gpio::mask(kern::board::Pin)
 .text._ZN4kern3hal4gpio6toggleENS_5board3PinE
                0x08008166       0x2a ./firmware/system/orchestrator.o
                0x08008166                kern::hal::gpio::toggle(kern::board::Pin)
 .text._ZN4kern3hal8watchdog4kickER18IWDG_HandleTypeDef
                0x08008190       0x16 ./firmware/system/orchestrator.o
                0x08008190                kern::hal::watchdog::kick(IWDG_HandleTypeDef&)
 .text._ZN4kern6system12Orchestrator4initEv
                0x080081a6       0x1a ./firmware/system/orchestrator.o
                0x080081a6                kern::system::Orchestrator::init()
 .text._ZN4kern6system12Orchestrator13runSensorTaskEv
                0x080081c0       0x10 ./firmware/system/orchestrator.o
                0x080081c0                kern::system::Orchestrator::runSensorTask()
 .text._ZN4kern6system12Orchestrator14runStorageTaskEv
                0x080081d0       0x10 ./firmware/system/orchestrator.o
                0x080081d0                kern::system::Orchestrator::runStorageTask()
 .text._ZN4kern6system12Orchestrator12runCommsTaskEv
                0x080081e0       0x10 ./firmware/system/orchestrator.o
                0x080081e0                kern::system::Orchestrator::runCommsTask()
 .text._ZN4kern6system12Orchestrator13runSystemTaskEv
                0x080081f0       0x40 ./firmware/system/orchestrator.o
                0x080081f0                kern::system::Orchestrator::runSystemTask()
 .text._ZN4kern6system12Orchestrator8instanceEv
                0x08008230       0x14 ./firmware/system/tasks.o
                0x08008230                kern::system::Orchestrator::instance()
 .text._ZL10sensorTaskPv
                0x08008244       0x1c ./firmware/system/tasks.o
 .text._ZL11storageTaskPv
                0x08008260       0x1c ./firmware/system/tasks.o
 .text._ZL9commsTaskPv
                0x0800827c       0x1c ./firmware/system/tasks.o
 .text._ZL10systemTaskPv
                0x08008298       0x1c ./firmware/system/tasks.o
 .text._Z17kern_create_tasksv
                0x080082b4       0xc0 ./firmware/system/tasks.o
                0x080082b4                kern_create_tasks()
 .text.vApplicationGetIdleTaskMemory
                0x08008374       0x34 ./firmware/system/tasks.o
                0x08008374                vApplicationGetIdleTaskMemory
 .text.vApplicationGetTimerTaskMemory
                0x080083a8       0x34 ./firmware/system/tasks.o
                0x080083a8                vApplicationGetTimerTaskMemory
 .text.memset   0x080083dc       0x10 C:/ST/STM32CubeIDE_2.1.1/STM32CubeIDE/plugins/com.st.stm32cube.ide.mcu.externaltools.gnu-tools-for-stm32.14.3.rel1.win32_1.0.100.202602081740/tools/bin/../lib/gcc/arm-none-eabi/14.3.1/../../../../arm-none-eabi/lib/thumb/v7e-m+fp/hard\libc_nano.a(libc_a-memset.o)
                0x080083dc                memset
 .text.__libc_init_array
                0x080083ec       0x48 C:/ST/STM32CubeIDE_2.1.1/STM32CubeIDE/plugins/com.st.stm32cube.ide.mcu.externaltools.gnu-tools-for-stm32.14.3.rel1.win32_1.0.100.202602081740/tools/bin/../lib/gcc/arm-none-eabi/14.3.1/../../../../arm-none-eabi/lib/thumb/v7e-m+fp/hard\libc_nano.a(libc_a-init.o)
                0x080083ec                __libc_init_array
 .text.memcpy   0x08008434       0x1c C:/ST/STM32CubeIDE_2.1.1/STM32CubeIDE/plugins/com.st.stm32cube.ide.mcu.externaltools.gnu-tools-for-stm32.14.3.rel1.win32_1.0.100.202602081740/tools/bin/../lib/gcc/arm-none-eabi/14.3.1/../../../../arm-none-eabi/lib/thumb/v7e-m+fp/hard\libc_nano.a(libc_a-memcpy-stub.o)
                0x08008434                memcpy
 *(.glue_7)
 .glue_7        0x08008450        0x0 linker stubs
 *(.glue_7t)
 .glue_7t       0x08008450        0x0 linker stubs
 *(.eh_frame)
 .eh_frame      0x08008450        0x0 C:/ST/STM32CubeIDE_2.1.1/STM32CubeIDE/plugins/com.st.stm32cube.ide.mcu.externaltools.gnu-tools-for-stm32.14.3.rel1.win32_1.0.100.202602081740/tools/bin/../lib/gcc/arm-none-eabi/14.3.1/thumb/v7e-m+fp/hard/crtbegin.o
 *(.init)
 .init          0x08008450        0x4 C:/ST/STM32CubeIDE_2.1.1/STM32CubeIDE/plugins/com.st.stm32cube.ide.mcu.externaltools.gnu-tools-for-stm32.14.3.rel1.win32_1.0.100.202602081740/tools/bin/../lib/gcc/arm-none-eabi/14.3.1/thumb/v7e-m+fp/hard/crti.o
                0x08008450                _init
 .init          0x08008454        0x8 C:/ST/STM32CubeIDE_2.1.1/STM32CubeIDE/plugins/com.st.stm32cube.ide.mcu.externaltools.gnu-tools-for-stm32.14.3.rel1.win32_1.0.100.202602081740/tools/bin/../lib/gcc/arm-none-eabi/14.3.1/thumb/v7e-m+fp/hard/crtn.o
 *(.fini)
 .fini          0x0800845c        0x4 C:/ST/STM32CubeIDE_2.1.1/STM32CubeIDE/plugins/com.st.stm32cube.ide.mcu.externaltools.gnu-tools-for-stm32.14.3.rel1.win32_1.0.100.202602081740/tools/bin/../lib/gcc/arm-none-eabi/14.3.1/thumb/v7e-m+fp/hard/crti.o
                0x0800845c                _fini
 .fini          0x08008460        0x8 C:/ST/STM32CubeIDE_2.1.1/STM32CubeIDE/plugins/com.st.stm32cube.ide.mcu.externaltools.gnu-tools-for-stm32.14.3.rel1.win32_1.0.100.202602081740/tools/bin/../lib/gcc/arm-none-eabi/14.3.1/thumb/v7e-m+fp/hard/crtn.o
                0x08008468                        . = ALIGN (0x4)
                0x08008468                        _etext = .

.vfp11_veneer   0x08008468        0x0
 .vfp11_veneer  0x08008468        0x0 linker stubs

.v4_bx          0x08008468        0x0
 .v4_bx         0x08008468        0x0 linker stubs

.iplt           0x08008468        0x0
 .iplt          0x08008468        0x0 C:/ST/STM32CubeIDE_2.1.1/STM32CubeIDE/plugins/com.st.stm32cube.ide.mcu.externaltools.gnu-tools-for-stm32.14.3.rel1.win32_1.0.100.202602081740/tools/bin/../lib/gcc/arm-none-eabi/14.3.1/thumb/v7e-m+fp/hard/crtbegin.o

.rodata         0x08008468       0x9c
                0x08008468                        . = ALIGN (0x4)
 *(.rodata)
 .rodata        0x08008468        0x5 ./Middlewares/Third_Party/FreeRTOS/Source/tasks.o
 *fill*         0x0800846d        0x3 
 .rodata        0x08008470        0xd ./Middlewares/Third_Party/FreeRTOS/Source/timers.o
 *fill*         0x0800847d        0x3 
 .rodata        0x08008480       0x1f ./firmware/system/tasks.o
 *(.rodata*)
 *fill*         0x0800849f        0x1 
 .rodata.AHBPrescTable
                0x080084a0       0x10 ./Core/Src/system_stm32l4xx.o
                0x080084a0                AHBPrescTable
 .rodata.APBPrescTable
                0x080084b0        0x8 ./Core/Src/system_stm32l4xx.o
                0x080084b0                APBPrescTable
 .rodata.MSIRangeTable
                0x080084b8       0x30 ./Core/Src/system_stm32l4xx.o
                0x080084b8                MSIRangeTable
 .rodata._ZN4kern5board9LED1_BLUEE
                0x080084e8        0x8 ./firmware/system/orchestrator.o
                0x080084e8                kern::board::LED1_BLUE
 .rodata._ZZN4kern6system12Orchestrator13runSystemTaskEvE3msg
                0x080084f0       0x12 ./firmware/system/orchestrator.o
                0x08008504                        . = ALIGN (0x4)
 *fill*         0x08008502        0x2 

.ARM.extab      0x08008504        0x0
                0x08008504                        . = ALIGN (0x4)
 *(.ARM.extab* .gnu.linkonce.armextab.*)
                0x08008504                        . = ALIGN (0x4)

.ARM            0x08008504        0x8
                0x08008504                        . = ALIGN (0x4)
                0x08008504                        __exidx_start = .
 *(.ARM.exidx*)
 .ARM.exidx     0x08008504        0x8 C:/ST/STM32CubeIDE_2.1.1/STM32CubeIDE/plugins/com.st.stm32cube.ide.mcu.externaltools.gnu-tools-for-stm32.14.3.rel1.win32_1.0.100.202602081740/tools/bin/../lib/gcc/arm-none-eabi/14.3.1/thumb/v7e-m+fp/hard\libgcc.a(_udivmoddi4.o)
                0x0800850c                        __exidx_end = .
                0x0800850c                        . = ALIGN (0x4)

.preinit_array  0x0800850c        0x0
                0x0800850c                        . = ALIGN (0x4)
                0x0800850c                        PROVIDE (__preinit_array_start = .)
 *(.preinit_array*)
                0x0800850c                        PROVIDE (__preinit_array_end = .)
                0x0800850c                        . = ALIGN (0x4)

.init_array     0x0800850c        0x4
                0x0800850c                        . = ALIGN (0x4)
                0x0800850c                        PROVIDE (__init_array_start = .)
 *(SORT_BY_NAME(.init_array.*))
 *(.init_array*)
 .init_array    0x0800850c        0x4 C:/ST/STM32CubeIDE_2.1.1/STM32CubeIDE/plugins/com.st.stm32cube.ide.mcu.externaltools.gnu-tools-for-stm32.14.3.rel1.win32_1.0.100.202602081740/tools/bin/../lib/gcc/arm-none-eabi/14.3.1/thumb/v7e-m+fp/hard/crtbegin.o
                0x08008510                        PROVIDE (__init_array_end = .)
                0x08008510                        . = ALIGN (0x4)

.fini_array     0x08008510        0x4
                0x08008510                        . = ALIGN (0x4)
                [!provide]                        PROVIDE (__fini_array_start = .)
 *(SORT_BY_NAME(.fini_array.*))
 *(.fini_array*)
 .fini_array    0x08008510        0x4 C:/ST/STM32CubeIDE_2.1.1/STM32CubeIDE/plugins/com.st.stm32cube.ide.mcu.externaltools.gnu-tools-for-stm32.14.3.rel1.win32_1.0.100.202602081740/tools/bin/../lib/gcc/arm-none-eabi/14.3.1/thumb/v7e-m+fp/hard/crtbegin.o
                [!provide]                        PROVIDE (__fini_array_end = .)
                0x08008514                        . = ALIGN (0x4)
                0x08008514                        _sidata = LOADADDR (.data)

.rel.dyn        0x08008514        0x0
 .rel.iplt      0x08008514        0x0 C:/ST/STM32CubeIDE_2.1.1/STM32CubeIDE/plugins/com.st.stm32cube.ide.mcu.externaltools.gnu-tools-for-stm32.14.3.rel1.win32_1.0.100.202602081740/tools/bin/../lib/gcc/arm-none-eabi/14.3.1/thumb/v7e-m+fp/hard/crtbegin.o

.data           0x20000000       0x24 load address 0x08008514
                0x20000000                        . = ALIGN (0x4)
                0x20000000                        _sdata = .
 *(.data)
 *(.data*)
 .data.SystemCoreClock
                0x20000000        0x4 ./Core/Src/system_stm32l4xx.o
                0x20000000                SystemCoreClock
 .data.uwTickPrio
                0x20000004        0x4 ./Drivers/STM32L4xx_HAL_Driver/Src/stm32l4xx_hal.o
                0x20000004                uwTickPrio
 .data.uwTickFreq
                0x20000008        0x1 ./Drivers/STM32L4xx_HAL_Driver/Src/stm32l4xx_hal.o
                0x20000008                uwTickFreq
 .data.Stat     0x20000009        0x1 ./FATFS/Target/user_diskio.o
 *fill*         0x2000000a        0x2 
 .data.USER_Driver
                0x2000000c       0x14 ./FATFS/Target/user_diskio.o
                0x2000000c                USER_Driver
 .data.uxCriticalNesting
                0x20000020        0x4 ./Middlewares/Third_Party/FreeRTOS/Source/portable/GCC/ARM_CM4F/port.o
 *(.RamFunc)
 *(.RamFunc*)
                0x20000024                        . = ALIGN (0x4)
                0x20000024                        _edata = .

.igot.plt       0x20000024        0x0 load address 0x08008538
 .igot.plt      0x20000024        0x0 C:/ST/STM32CubeIDE_2.1.1/STM32CubeIDE/plugins/com.st.stm32cube.ide.mcu.externaltools.gnu-tools-for-stm32.14.3.rel1.win32_1.0.100.202602081740/tools/bin/../lib/gcc/arm-none-eabi/14.3.1/thumb/v7e-m+fp/hard/crtbegin.o
                0x20000024                        . = ALIGN (0x4)

.bss            0x20000024     0x31ac load address 0x08008538
                0x20000024                        _sbss = .
                0x20000024                        __bss_start__ = _sbss
 *(.bss)
 .bss           0x20000024       0x1c C:/ST/STM32CubeIDE_2.1.1/STM32CubeIDE/plugins/com.st.stm32cube.ide.mcu.externaltools.gnu-tools-for-stm32.14.3.rel1.win32_1.0.100.202602081740/tools/bin/../lib/gcc/arm-none-eabi/14.3.1/thumb/v7e-m+fp/hard/crtbegin.o
 *(.bss*)
 .bss.hadc1     0x20000040       0x64 ./Core/Src/adc.o
                0x20000040                hadc1
 .bss.hiwdg     0x200000a4       0x10 ./Core/Src/iwdg.o
                0x200000a4                hiwdg
 .bss.hspi1     0x200000b4       0x64 ./Core/Src/spi.o
                0x200000b4                hspi1
 .bss.htim1     0x20000118       0x4c ./Core/Src/stm32l4xx_hal_timebase_tim.o
                0x20000118                htim1
 .bss.htim3     0x20000164       0x4c ./Core/Src/tim.o
                0x20000164                htim3
 .bss.htim6     0x200001b0       0x4c ./Core/Src/tim.o
                0x200001b0                htim6
 .bss.huart2    0x200001fc       0x88 ./Core/Src/usart.o
                0x200001fc                huart2
 .bss.uwTick    0x20000284        0x4 ./Drivers/STM32L4xx_HAL_Driver/Src/stm32l4xx_hal.o
                0x20000284                uwTick
 .bss.retUSER   0x20000288        0x1 ./FATFS/App/fatfs.o
                0x20000288                retUSER
 *fill*         0x20000289        0x3 
 .bss.USERPath  0x2000028c        0x4 ./FATFS/App/fatfs.o
                0x2000028c                USERPath
 .bss.disk      0x20000290        0xc ./Middlewares/Third_Party/FatFs/src/ff_gen_drv.o
                0x20000290                disk
 .bss.KernelState
                0x2000029c        0x4 ./Middlewares/Third_Party/FreeRTOS/Source/CMSIS_RTOS_V2/cmsis_os2.o
 .bss.xQueueRegistry
                0x200002a0       0x40 ./Middlewares/Third_Party/FreeRTOS/Source/queue.o
                0x200002a0                xQueueRegistry
 .bss.pxCurrentTCB
                0x200002e0        0x4 ./Middlewares/Third_Party/FreeRTOS/Source/tasks.o
                0x200002e0                pxCurrentTCB
 .bss.pxReadyTasksLists
                0x200002e4      0x460 ./Middlewares/Third_Party/FreeRTOS/Source/tasks.o
 .bss.xDelayedTaskList1
                0x20000744       0x14 ./Middlewares/Third_Party/FreeRTOS/Source/tasks.o
 .bss.xDelayedTaskList2
                0x20000758       0x14 ./Middlewares/Third_Party/FreeRTOS/Source/tasks.o
 .bss.pxDelayedTaskList
                0x2000076c        0x4 ./Middlewares/Third_Party/FreeRTOS/Source/tasks.o
 .bss.pxOverflowDelayedTaskList
                0x20000770        0x4 ./Middlewares/Third_Party/FreeRTOS/Source/tasks.o
 .bss.xPendingReadyList
                0x20000774       0x14 ./Middlewares/Third_Party/FreeRTOS/Source/tasks.o
 .bss.xTasksWaitingTermination
                0x20000788       0x14 ./Middlewares/Third_Party/FreeRTOS/Source/tasks.o
 .bss.uxDeletedTasksWaitingCleanUp
                0x2000079c        0x4 ./Middlewares/Third_Party/FreeRTOS/Source/tasks.o
 .bss.xSuspendedTaskList
                0x200007a0       0x14 ./Middlewares/Third_Party/FreeRTOS/Source/tasks.o
 .bss.uxCurrentNumberOfTasks
                0x200007b4        0x4 ./Middlewares/Third_Party/FreeRTOS/Source/tasks.o
 .bss.xTickCount
                0x200007b8        0x4 ./Middlewares/Third_Party/FreeRTOS/Source/tasks.o
 .bss.uxTopReadyPriority
                0x200007bc        0x4 ./Middlewares/Third_Party/FreeRTOS/Source/tasks.o
 .bss.xSchedulerRunning
                0x200007c0        0x4 ./Middlewares/Third_Party/FreeRTOS/Source/tasks.o
 .bss.xPendedTicks
                0x200007c4        0x4 ./Middlewares/Third_Party/FreeRTOS/Source/tasks.o
 .bss.xYieldPending
                0x200007c8        0x4 ./Middlewares/Third_Party/FreeRTOS/Source/tasks.o
 .bss.xNumOfOverflows
                0x200007cc        0x4 ./Middlewares/Third_Party/FreeRTOS/Source/tasks.o
 .bss.uxTaskNumber
                0x200007d0        0x4 ./Middlewares/Third_Party/FreeRTOS/Source/tasks.o
 .bss.xNextTaskUnblockTime
                0x200007d4        0x4 ./Middlewares/Third_Party/FreeRTOS/Source/tasks.o
 .bss.xIdleTaskHandle
                0x200007d8        0x4 ./Middlewares/Third_Party/FreeRTOS/Source/tasks.o
 .bss.uxSchedulerSuspended
                0x200007dc        0x4 ./Middlewares/Third_Party/FreeRTOS/Source/tasks.o
 .bss.xActiveTimerList1
                0x200007e0       0x14 ./Middlewares/Third_Party/FreeRTOS/Source/timers.o
 .bss.xActiveTimerList2
                0x200007f4       0x14 ./Middlewares/Third_Party/FreeRTOS/Source/timers.o
 .bss.pxCurrentTimerList
                0x20000808        0x4 ./Middlewares/Third_Party/FreeRTOS/Source/timers.o
 .bss.pxOverflowTimerList
                0x2000080c        0x4 ./Middlewares/Third_Party/FreeRTOS/Source/timers.o
 .bss.xTimerQueue
                0x20000810        0x4 ./Middlewares/Third_Party/FreeRTOS/Source/timers.o
 .bss.xTimerTaskHandle
                0x20000814        0x4 ./Middlewares/Third_Party/FreeRTOS/Source/timers.o
 .bss.xLastTime.2
                0x20000818        0x4 ./Middlewares/Third_Party/FreeRTOS/Source/timers.o
 .bss.ucStaticTimerQueueStorage.1
                0x2000081c       0xa0 ./Middlewares/Third_Party/FreeRTOS/Source/timers.o
 .bss.xStaticTimerQueue.0
                0x200008bc       0x50 ./Middlewares/Third_Party/FreeRTOS/Source/timers.o
 .bss.ucMaxSysCallPriority
                0x2000090c        0x1 ./Middlewares/Third_Party/FreeRTOS/Source/portable/GCC/ARM_CM4F/port.o
 *fill*         0x2000090d        0x3 
 .bss.ulMaxPRIGROUPValue
                0x20000910        0x4 ./Middlewares/Third_Party/FreeRTOS/Source/portable/GCC/ARM_CM4F/port.o
 .bss.xStart    0x20000914        0x8 ./Middlewares/Third_Party/FreeRTOS/Source/portable/MemMang/heap_4.o
 .bss.pxEnd     0x2000091c        0x4 ./Middlewares/Third_Party/FreeRTOS/Source/portable/MemMang/heap_4.o
 .bss.xFreeBytesRemaining
                0x20000920        0x4 ./Middlewares/Third_Party/FreeRTOS/Source/portable/MemMang/heap_4.o
 .bss.xNumberOfSuccessfulFrees
                0x20000924        0x4 ./Middlewares/Third_Party/FreeRTOS/Source/portable/MemMang/heap_4.o
 .bss.xBlockAllocatedBit
                0x20000928        0x4 ./Middlewares/Third_Party/FreeRTOS/Source/portable/MemMang/heap_4.o
 .bss._ZZN4kern6system12Orchestrator8instanceEvE1o
                0x2000092c       0x7c ./firmware/system/tasks.o
                0x2000092c                kern::system::Orchestrator::instance()::o
 .bss._ZL9sensorTcb
                0x200009a8       0x5c ./firmware/system/tasks.o
 .bss._ZL10storageTcb
                0x20000a04       0x5c ./firmware/system/tasks.o
 .bss._ZL8commsTcb
                0x20000a60       0x5c ./firmware/system/tasks.o
 .bss._ZL9systemTcb
                0x20000abc       0x5c ./firmware/system/tasks.o
 .bss._ZL11sensorStack
                0x20000b18      0x800 ./firmware/system/tasks.o
 .bss._ZL12storageStack
                0x20001318      0xc00 ./firmware/system/tasks.o
 .bss._ZL10commsStack
                0x20001f18      0x600 ./firmware/system/tasks.o
 .bss._ZL11systemStack
                0x20002518      0x600 ./firmware/system/tasks.o
 .bss._ZZ29vApplicationGetIdleTaskMemoryE7idleTcb
                0x20002b18       0x5c ./firmware/system/tasks.o
 .bss._ZZ29vApplicationGetIdleTaskMemoryE9idleStack
                0x20002b74      0x200 ./firmware/system/tasks.o
 .bss._ZZ30vApplicationGetTimerTaskMemoryE8timerTcb
                0x20002d74       0x5c ./firmware/system/tasks.o
 .bss._ZZ30vApplicationGetTimerTaskMemoryE10timerStack
                0x20002dd0      0x400 ./firmware/system/tasks.o
 *(COMMON)
                0x200031d0                        . = ALIGN (0x4)
                0x200031d0                        _ebss = .
                0x200031d0                        __bss_end__ = _ebss

._user_heap_stack
                0x200031d0      0x600 load address 0x08008538
                0x200031d0                        . = ALIGN (0x8)
                [!provide]                        PROVIDE (end = .)
                0x200031d0                        PROVIDE (_end = .)
                0x200033d0                        . = (. + _Min_Heap_Size)
 *fill*         0x200031d0      0x200 
                0x200037d0                        . = (. + _Min_Stack_Size)
 *fill*         0x200033d0      0x400 
                0x200037d0                        . = ALIGN (0x8)

/DISCARD/
 libc.a(*)
 libm.a(*)
 libgcc.a(*)

.ARM.attributes
                0x00000000       0x30
 *(.ARM.attributes)
 .ARM.attributes
                0x00000000       0x22 C:/ST/STM32CubeIDE_2.1.1/STM32CubeIDE/plugins/com.st.stm32cube.ide.mcu.externaltools.gnu-tools-for-stm32.14.3.rel1.win32_1.0.100.202602081740/tools/bin/../lib/gcc/arm-none-eabi/14.3.1/thumb/v7e-m+fp/hard/crti.o
 .ARM.attributes
                0x00000022       0x34 C:/ST/STM32CubeIDE_2.1.1/STM32CubeIDE/plugins/com.st.stm32cube.ide.mcu.externaltools.gnu-tools-for-stm32.14.3.rel1.win32_1.0.100.202602081740/tools/bin/../lib/gcc/arm-none-eabi/14.3.1/thumb/v7e-m+fp/hard/crtbegin.o
 .ARM.attributes
                0x00000056       0x34 ./Core/Src/adc.o
 .ARM.attributes
                0x0000008a       0x34 ./Core/Src/freertos.o
 .ARM.attributes
                0x000000be       0x34 ./Core/Src/gpio.o
 .ARM.attributes
                0x000000f2       0x34 ./Core/Src/iwdg.o
 .ARM.attributes
                0x00000126       0x34 ./Core/Src/main.o
 .ARM.attributes
                0x0000015a       0x34 ./Core/Src/spi.o
 .ARM.attributes
                0x0000018e       0x34 ./Core/Src/stm32l4xx_hal_msp.o
 .ARM.attributes
                0x000001c2       0x34 ./Core/Src/stm32l4xx_hal_timebase_tim.o
 .ARM.attributes
                0x000001f6       0x34 ./Core/Src/stm32l4xx_it.o
 .ARM.attributes
                0x0000022a       0x34 ./Core/Src/system_stm32l4xx.o
 .ARM.attributes
                0x0000025e       0x34 ./Core/Src/tim.o
 .ARM.attributes
                0x00000292       0x34 ./Core/Src/usart.o
 .ARM.attributes
                0x000002c6       0x21 ./Core/Startup/startup_stm32l476rgtx.o
 .ARM.attributes
                0x000002e7       0x34 ./Drivers/STM32L4xx_HAL_Driver/Src/stm32l4xx_hal.o
 .ARM.attributes
                0x0000031b       0x34 ./Drivers/STM32L4xx_HAL_Driver/Src/stm32l4xx_hal_adc.o
 .ARM.attributes
                0x0000034f       0x34 ./Drivers/STM32L4xx_HAL_Driver/Src/stm32l4xx_hal_adc_ex.o
 .ARM.attributes
                0x00000383       0x34 ./Drivers/STM32L4xx_HAL_Driver/Src/stm32l4xx_hal_cortex.o
 .ARM.attributes
                0x000003b7       0x34 ./Drivers/STM32L4xx_HAL_Driver/Src/stm32l4xx_hal_gpio.o
 .ARM.attributes
                0x000003eb       0x34 ./Drivers/STM32L4xx_HAL_Driver/Src/stm32l4xx_hal_iwdg.o
 .ARM.attributes
                0x0000041f       0x34 ./Drivers/STM32L4xx_HAL_Driver/Src/stm32l4xx_hal_pwr_ex.o
 .ARM.attributes
                0x00000453       0x34 ./Drivers/STM32L4xx_HAL_Driver/Src/stm32l4xx_hal_rcc.o
 .ARM.attributes
                0x00000487       0x34 ./Drivers/STM32L4xx_HAL_Driver/Src/stm32l4xx_hal_rcc_ex.o
 .ARM.attributes
                0x000004bb       0x34 ./Drivers/STM32L4xx_HAL_Driver/Src/stm32l4xx_hal_spi.o
 .ARM.attributes
                0x000004ef       0x34 ./Drivers/STM32L4xx_HAL_Driver/Src/stm32l4xx_hal_tim.o
 .ARM.attributes
                0x00000523       0x34 ./Drivers/STM32L4xx_HAL_Driver/Src/stm32l4xx_hal_tim_ex.o
 .ARM.attributes
                0x00000557       0x34 ./Drivers/STM32L4xx_HAL_Driver/Src/stm32l4xx_hal_uart.o
 .ARM.attributes
                0x0000058b       0x34 ./FATFS/App/fatfs.o
 .ARM.attributes
                0x000005bf       0x34 ./FATFS/Target/user_diskio.o
 .ARM.attributes
                0x000005f3       0x34 ./Middlewares/Third_Party/FatFs/src/ff_gen_drv.o
 .ARM.attributes
                0x00000627       0x34 ./Middlewares/Third_Party/FreeRTOS/Source/CMSIS_RTOS_V2/cmsis_os2.o
 .ARM.attributes
                0x0000065b       0x34 ./Middlewares/Third_Party/FreeRTOS/Source/list.o
 .ARM.attributes
                0x0000068f       0x34 ./Middlewares/Third_Party/FreeRTOS/Source/queue.o
 .ARM.attributes
                0x000006c3       0x34 ./Middlewares/Third_Party/FreeRTOS/Source/tasks.o
 .ARM.attributes
                0x000006f7       0x34 ./Middlewares/Third_Party/FreeRTOS/Source/timers.o
 .ARM.attributes
                0x0000072b       0x34 ./Middlewares/Third_Party/FreeRTOS/Source/portable/GCC/ARM_CM4F/port.o
 .ARM.attributes
                0x0000075f       0x34 ./Middlewares/Third_Party/FreeRTOS/Source/portable/MemMang/heap_4.o
 .ARM.attributes
                0x00000793       0x34 ./firmware/system/init.o
 .ARM.attributes
                0x000007c7       0x34 ./firmware/system/orchestrator.o
 .ARM.attributes
                0x000007fb       0x34 ./firmware/system/tasks.o
 .ARM.attributes
                0x0000082f       0x34 C:/ST/STM32CubeIDE_2.1.1/STM32CubeIDE/plugins/com.st.stm32cube.ide.mcu.externaltools.gnu-tools-for-stm32.14.3.rel1.win32_1.0.100.202602081740/tools/bin/../lib/gcc/arm-none-eabi/14.3.1/../../../../arm-none-eabi/lib/thumb/v7e-m+fp/hard\libc_nano.a(libc_a-memset.o)
 .ARM.attributes
                0x00000863       0x34 C:/ST/STM32CubeIDE_2.1.1/STM32CubeIDE/plugins/com.st.stm32cube.ide.mcu.externaltools.gnu-tools-for-stm32.14.3.rel1.win32_1.0.100.202602081740/tools/bin/../lib/gcc/arm-none-eabi/14.3.1/../../../../arm-none-eabi/lib/thumb/v7e-m+fp/hard\libc_nano.a(libc_a-init.o)
 .ARM.attributes
                0x00000897       0x34 C:/ST/STM32CubeIDE_2.1.1/STM32CubeIDE/plugins/com.st.stm32cube.ide.mcu.externaltools.gnu-tools-for-stm32.14.3.rel1.win32_1.0.100.202602081740/tools/bin/../lib/gcc/arm-none-eabi/14.3.1/../../../../arm-none-eabi/lib/thumb/v7e-m+fp/hard\libc_nano.a(libc_a-memcpy-stub.o)
 .ARM.attributes
                0x000008cb       0x22 C:/ST/STM32CubeIDE_2.1.1/STM32CubeIDE/plugins/com.st.stm32cube.ide.mcu.externaltools.gnu-tools-for-stm32.14.3.rel1.win32_1.0.100.202602081740/tools/bin/../lib/gcc/arm-none-eabi/14.3.1/thumb/v7e-m+fp/hard\libgcc.a(_aeabi_uldivmod.o)
 .ARM.attributes
                0x000008ed       0x34 C:/ST/STM32CubeIDE_2.1.1/STM32CubeIDE/plugins/com.st.stm32cube.ide.mcu.externaltools.gnu-tools-for-stm32.14.3.rel1.win32_1.0.100.202602081740/tools/bin/../lib/gcc/arm-none-eabi/14.3.1/thumb/v7e-m+fp/hard\libgcc.a(_udivmoddi4.o)
 .ARM.attributes
                0x00000921       0x22 C:/ST/STM32CubeIDE_2.1.1/STM32CubeIDE/plugins/com.st.stm32cube.ide.mcu.externaltools.gnu-tools-for-stm32.14.3.rel1.win32_1.0.100.202602081740/tools/bin/../lib/gcc/arm-none-eabi/14.3.1/thumb/v7e-m+fp/hard\libgcc.a(_dvmd_tls.o)
 .ARM.attributes
                0x00000943       0x22 C:/ST/STM32CubeIDE_2.1.1/STM32CubeIDE/plugins/com.st.stm32cube.ide.mcu.externaltools.gnu-tools-for-stm32.14.3.rel1.win32_1.0.100.202602081740/tools/bin/../lib/gcc/arm-none-eabi/14.3.1/thumb/v7e-m+fp/hard/crtn.o
OUTPUT(kern-lite.elf elf32-littlearm)
LOAD linker stubs
LOAD C:/ST/STM32CubeIDE_2.1.1/STM32CubeIDE/plugins/com.st.stm32cube.ide.mcu.externaltools.gnu-tools-for-stm32.14.3.rel1.win32_1.0.100.202602081740/tools/bin/../lib/gcc/arm-none-eabi/14.3.1/../../../../arm-none-eabi/lib/thumb/v7e-m+fp/hard\libc.a
LOAD C:/ST/STM32CubeIDE_2.1.1/STM32CubeIDE/plugins/com.st.stm32cube.ide.mcu.externaltools.gnu-tools-for-stm32.14.3.rel1.win32_1.0.100.202602081740/tools/bin/../lib/gcc/arm-none-eabi/14.3.1/../../../../arm-none-eabi/lib/thumb/v7e-m+fp/hard\libm.a
LOAD C:/ST/STM32CubeIDE_2.1.1/STM32CubeIDE/plugins/com.st.stm32cube.ide.mcu.externaltools.gnu-tools-for-stm32.14.3.rel1.win32_1.0.100.202602081740/tools/bin/../lib/gcc/arm-none-eabi/14.3.1/thumb/v7e-m+fp/hard\libgcc.a

.debug_info     0x00000000    0x24795
 .debug_info    0x00000000      0xefa ./Core/Src/adc.o
 .debug_info    0x00000efa       0xdd ./Core/Src/freertos.o
 .debug_info    0x00000fd7      0x723 ./Core/Src/gpio.o
 .debug_info    0x000016fa      0x217 ./Core/Src/iwdg.o
 .debug_info    0x00001911      0x9df ./Core/Src/main.o
 .debug_info    0x000022f0      0x9b2 ./Core/Src/spi.o
 .debug_info    0x00002ca2      0x555 ./Core/Src/stm32l4xx_hal_msp.o
 .debug_info    0x000031f7      0xcbb ./Core/Src/stm32l4xx_hal_timebase_tim.o
 .debug_info    0x00003eb2      0x750 ./Core/Src/stm32l4xx_it.o
 .debug_info    0x00004602      0x5e2 ./Core/Src/system_stm32l4xx.o
 .debug_info    0x00004be4      0xce1 ./Core/Src/tim.o
 .debug_info    0x000058c5      0xd0d ./Core/Src/usart.o
 .debug_info    0x000065d2       0x30 ./Core/Startup/startup_stm32l476rgtx.o
 .debug_info    0x00006602      0xc4d ./Drivers/STM32L4xx_HAL_Driver/Src/stm32l4xx_hal.o
 .debug_info    0x0000724f     0x1de4 ./Drivers/STM32L4xx_HAL_Driver/Src/stm32l4xx_hal_adc.o
 .debug_info    0x00009033     0x1b55 ./Drivers/STM32L4xx_HAL_Driver/Src/stm32l4xx_hal_adc_ex.o
 .debug_info    0x0000ab88      0xdad ./Drivers/STM32L4xx_HAL_Driver/Src/stm32l4xx_hal_cortex.o
 .debug_info    0x0000b935      0x79f ./Drivers/STM32L4xx_HAL_Driver/Src/stm32l4xx_hal_gpio.o
 .debug_info    0x0000c0d4      0x23b ./Drivers/STM32L4xx_HAL_Driver/Src/stm32l4xx_hal_iwdg.o
 .debug_info    0x0000c30f      0x9ca ./Drivers/STM32L4xx_HAL_Driver/Src/stm32l4xx_hal_pwr_ex.o
 .debug_info    0x0000ccd9      0xc45 ./Drivers/STM32L4xx_HAL_Driver/Src/stm32l4xx_hal_rcc.o
 .debug_info    0x0000d91e      0xe58 ./Drivers/STM32L4xx_HAL_Driver/Src/stm32l4xx_hal_rcc_ex.o
 .debug_info    0x0000e776     0x1572 ./Drivers/STM32L4xx_HAL_Driver/Src/stm32l4xx_hal_spi.o
 .debug_info    0x0000fce8     0x2ade ./Drivers/STM32L4xx_HAL_Driver/Src/stm32l4xx_hal_tim.o
 .debug_info    0x000127c6     0x16e0 ./Drivers/STM32L4xx_HAL_Driver/Src/stm32l4xx_hal_tim_ex.o
 .debug_info    0x00013ea6     0x3b8e ./Drivers/STM32L4xx_HAL_Driver/Src/stm32l4xx_hal_uart.o
 .debug_info    0x00017a34      0x522 ./FATFS/App/fatfs.o
 .debug_info    0x00017f56      0x36c ./FATFS/Target/user_diskio.o
 .debug_info    0x000182c2      0x3b1 ./Middlewares/Third_Party/FatFs/src/ff_gen_drv.o
 .debug_info    0x00018673     0x3a9b ./Middlewares/Third_Party/FreeRTOS/Source/CMSIS_RTOS_V2/cmsis_os2.o
 .debug_info    0x0001c10e      0x2af ./Middlewares/Third_Party/FreeRTOS/Source/list.o
 .debug_info    0x0001c3bd     0x1b79 ./Middlewares/Third_Party/FreeRTOS/Source/queue.o
 .debug_info    0x0001df36     0x21ec ./Middlewares/Third_Party/FreeRTOS/Source/tasks.o
 .debug_info    0x00020122     0x1488 ./Middlewares/Third_Party/FreeRTOS/Source/timers.o
 .debug_info    0x000215aa      0x4de ./Middlewares/Third_Party/FreeRTOS/Source/portable/GCC/ARM_CM4F/port.o
 .debug_info    0x00021a88      0x4d5 ./Middlewares/Third_Party/FreeRTOS/Source/portable/MemMang/heap_4.o
 .debug_info    0x00021f5d       0x49 ./firmware/system/init.o
 .debug_info    0x00021fa6     0x17e2 ./firmware/system/orchestrator.o
 .debug_info    0x00023788     0x100d ./firmware/system/tasks.o

.debug_abbrev   0x00000000     0x5539
 .debug_abbrev  0x00000000      0x1f1 ./Core/Src/adc.o
 .debug_abbrev  0x000001f1       0x91 ./Core/Src/freertos.o
 .debug_abbrev  0x00000282      0x161 ./Core/Src/gpio.o
 .debug_abbrev  0x000003e3      0x163 ./Core/Src/iwdg.o
 .debug_abbrev  0x00000546      0x234 ./Core/Src/main.o
 .debug_abbrev  0x0000077a      0x1f8 ./Core/Src/spi.o
 .debug_abbrev  0x00000972      0x11e ./Core/Src/stm32l4xx_hal_msp.o
 .debug_abbrev  0x00000a90      0x1fa ./Core/Src/stm32l4xx_hal_timebase_tim.o
 .debug_abbrev  0x00000c8a      0x197 ./Core/Src/stm32l4xx_it.o
 .debug_abbrev  0x00000e21      0x117 ./Core/Src/system_stm32l4xx.o
 .debug_abbrev  0x00000f38      0x21e ./Core/Src/tim.o
 .debug_abbrev  0x00001156      0x1f4 ./Core/Src/usart.o
 .debug_abbrev  0x0000134a       0x24 ./Core/Startup/startup_stm32l476rgtx.o
 .debug_abbrev  0x0000136e      0x243 ./Drivers/STM32L4xx_HAL_Driver/Src/stm32l4xx_hal.o
 .debug_abbrev  0x000015b1      0x2ef ./Drivers/STM32L4xx_HAL_Driver/Src/stm32l4xx_hal_adc.o
 .debug_abbrev  0x000018a0      0x2f0 ./Drivers/STM32L4xx_HAL_Driver/Src/stm32l4xx_hal_adc_ex.o
 .debug_abbrev  0x00001b90      0x31c ./Drivers/STM32L4xx_HAL_Driver/Src/stm32l4xx_hal_cortex.o
 .debug_abbrev  0x00001eac      0x1d1 ./Drivers/STM32L4xx_HAL_Driver/Src/stm32l4xx_hal_gpio.o
 .debug_abbrev  0x0000207d      0x166 ./Drivers/STM32L4xx_HAL_Driver/Src/stm32l4xx_hal_iwdg.o
 .debug_abbrev  0x000021e3      0x1f9 ./Drivers/STM32L4xx_HAL_Driver/Src/stm32l4xx_hal_pwr_ex.o
 .debug_abbrev  0x000023dc      0x2dc ./Drivers/STM32L4xx_HAL_Driver/Src/stm32l4xx_hal_rcc.o
 .debug_abbrev  0x000026b8      0x2a5 ./Drivers/STM32L4xx_HAL_Driver/Src/stm32l4xx_hal_rcc_ex.o
 .debug_abbrev  0x0000295d      0x282 ./Drivers/STM32L4xx_HAL_Driver/Src/stm32l4xx_hal_spi.o
 .debug_abbrev  0x00002bdf      0x289 ./Drivers/STM32L4xx_HAL_Driver/Src/stm32l4xx_hal_tim.o
 .debug_abbrev  0x00002e68      0x284 ./Drivers/STM32L4xx_HAL_Driver/Src/stm32l4xx_hal_tim_ex.o
 .debug_abbrev  0x000030ec      0x2f3 ./Drivers/STM32L4xx_HAL_Driver/Src/stm32l4xx_hal_uart.o
 .debug_abbrev  0x000033df      0x16f ./FATFS/App/fatfs.o
 .debug_abbrev  0x0000354e      0x14e ./FATFS/Target/user_diskio.o
 .debug_abbrev  0x0000369c      0x19c ./Middlewares/Third_Party/FatFs/src/ff_gen_drv.o
 .debug_abbrev  0x00003838      0x51f ./Middlewares/Third_Party/FreeRTOS/Source/CMSIS_RTOS_V2/cmsis_os2.o
 .debug_abbrev  0x00003d57       0xf5 ./Middlewares/Third_Party/FreeRTOS/Source/list.o
 .debug_abbrev  0x00003e4c      0x3b6 ./Middlewares/Third_Party/FreeRTOS/Source/queue.o
 .debug_abbrev  0x00004202      0x386 ./Middlewares/Third_Party/FreeRTOS/Source/tasks.o
 .debug_abbrev  0x00004588      0x352 ./Middlewares/Third_Party/FreeRTOS/Source/timers.o
 .debug_abbrev  0x000048da      0x25c ./Middlewares/Third_Party/FreeRTOS/Source/portable/GCC/ARM_CM4F/port.o
 .debug_abbrev  0x00004b36      0x21d ./Middlewares/Third_Party/FreeRTOS/Source/portable/MemMang/heap_4.o
 .debug_abbrev  0x00004d53       0x40 ./firmware/system/init.o
 .debug_abbrev  0x00004d93      0x435 ./firmware/system/orchestrator.o
 .debug_abbrev  0x000051c8      0x371 ./firmware/system/tasks.o

.debug_aranges  0x00000000     0x1eb8
 .debug_aranges
                0x00000000       0x30 ./Core/Src/adc.o
 .debug_aranges
                0x00000030       0x20 ./Core/Src/freertos.o
 .debug_aranges
                0x00000050       0x20 ./Core/Src/gpio.o
 .debug_aranges
                0x00000070       0x20 ./Core/Src/iwdg.o
 .debug_aranges
                0x00000090       0x38 ./Core/Src/main.o
 .debug_aranges
                0x000000c8       0x30 ./Core/Src/spi.o
 .debug_aranges
                0x000000f8       0x20 ./Core/Src/stm32l4xx_hal_msp.o
 .debug_aranges
                0x00000118       0x30 ./Core/Src/stm32l4xx_hal_timebase_tim.o
 .debug_aranges
                0x00000148       0x58 ./Core/Src/stm32l4xx_it.o
 .debug_aranges
                0x000001a0       0x28 ./Core/Src/system_stm32l4xx.o
 .debug_aranges
                0x000001c8       0x50 ./Core/Src/tim.o
 .debug_aranges
                0x00000218       0x30 ./Core/Src/usart.o
 .debug_aranges
                0x00000248       0x28 ./Core/Startup/startup_stm32l476rgtx.o
 .debug_aranges
                0x00000270      0x130 ./Drivers/STM32L4xx_HAL_Driver/Src/stm32l4xx_hal.o
 .debug_aranges
                0x000003a0      0x220 ./Drivers/STM32L4xx_HAL_Driver/Src/stm32l4xx_hal_adc.o
 .debug_aranges
                0x000005c0      0x1a8 ./Drivers/STM32L4xx_HAL_Driver/Src/stm32l4xx_hal_adc_ex.o
 .debug_aranges
                0x00000768      0x128 ./Drivers/STM32L4xx_HAL_Driver/Src/stm32l4xx_hal_cortex.o
 .debug_aranges
                0x00000890       0x58 ./Drivers/STM32L4xx_HAL_Driver/Src/stm32l4xx_hal_gpio.o
 .debug_aranges
                0x000008e8       0x28 ./Drivers/STM32L4xx_HAL_Driver/Src/stm32l4xx_hal_iwdg.o
 .debug_aranges
                0x00000910      0x160 ./Drivers/STM32L4xx_HAL_Driver/Src/stm32l4xx_hal_pwr_ex.o
 .debug_aranges
                0x00000a70       0x90 ./Drivers/STM32L4xx_HAL_Driver/Src/stm32l4xx_hal_rcc.o
 .debug_aranges
                0x00000b00       0xc0 ./Drivers/STM32L4xx_HAL_Driver/Src/stm32l4xx_hal_rcc_ex.o
 .debug_aranges
                0x00000bc0      0x1d8 ./Drivers/STM32L4xx_HAL_Driver/Src/stm32l4xx_hal_spi.o
 .debug_aranges
                0x00000d98      0x3e0 ./Drivers/STM32L4xx_HAL_Driver/Src/stm32l4xx_hal_tim.o
 .debug_aranges
                0x00001178      0x180 ./Drivers/STM32L4xx_HAL_Driver/Src/stm32l4xx_hal_tim_ex.o
 .debug_aranges
                0x000012f8      0x228 ./Drivers/STM32L4xx_HAL_Driver/Src/stm32l4xx_hal_uart.o
 .debug_aranges
                0x00001520       0x28 ./FATFS/App/fatfs.o
 .debug_aranges
                0x00001548       0x40 ./FATFS/Target/user_diskio.o
 .debug_aranges
                0x00001588       0x40 ./Middlewares/Third_Party/FatFs/src/ff_gen_drv.o
 .debug_aranges
                0x000015c8      0x2b0 ./Middlewares/Third_Party/FreeRTOS/Source/CMSIS_RTOS_V2/cmsis_os2.o
 .debug_aranges
                0x00001878       0x40 ./Middlewares/Third_Party/FreeRTOS/Source/list.o
 .debug_aranges
                0x000018b8      0x158 ./Middlewares/Third_Party/FreeRTOS/Source/queue.o
 .debug_aranges
                0x00001a10      0x208 ./Middlewares/Third_Party/FreeRTOS/Source/tasks.o
 .debug_aranges
                0x00001c18       0xf0 ./Middlewares/Third_Party/FreeRTOS/Source/timers.o
 .debug_aranges
                0x00001d08       0x80 ./Middlewares/Third_Party/FreeRTOS/Source/portable/GCC/ARM_CM4F/port.o
 .debug_aranges
                0x00001d88       0x58 ./Middlewares/Third_Party/FreeRTOS/Source/portable/MemMang/heap_4.o
 .debug_aranges
                0x00001de0       0x20 ./firmware/system/init.o
 .debug_aranges
                0x00001e00       0x60 ./firmware/system/orchestrator.o
 .debug_aranges
                0x00001e60       0x58 ./firmware/system/tasks.o

.debug_rnglists
                0x00000000     0x17aa
 .debug_rnglists
                0x00000000       0x21 ./Core/Src/adc.o
 .debug_rnglists
                0x00000021       0x13 ./Core/Src/freertos.o
 .debug_rnglists
                0x00000034       0x14 ./Core/Src/gpio.o
 .debug_rnglists
                0x00000048       0x13 ./Core/Src/iwdg.o
 .debug_rnglists
                0x0000005b       0x26 ./Core/Src/main.o
 .debug_rnglists
                0x00000081       0x20 ./Core/Src/spi.o
 .debug_rnglists
                0x000000a1       0x13 ./Core/Src/stm32l4xx_hal_msp.o
 .debug_rnglists
                0x000000b4       0x20 ./Core/Src/stm32l4xx_hal_timebase_tim.o
 .debug_rnglists
                0x000000d4       0x3d ./Core/Src/stm32l4xx_it.o
 .debug_rnglists
                0x00000111       0x1a ./Core/Src/system_stm32l4xx.o
 .debug_rnglists
                0x0000012b       0x38 ./Core/Src/tim.o
 .debug_rnglists
                0x00000163       0x20 ./Core/Src/usart.o
 .debug_rnglists
                0x00000183       0x19 ./Core/Startup/startup_stm32l476rgtx.o
 .debug_rnglists
                0x0000019c       0xdf ./Drivers/STM32L4xx_HAL_Driver/Src/stm32l4xx_hal.o
 .debug_rnglists
                0x0000027b      0x1b1 ./Drivers/STM32L4xx_HAL_Driver/Src/stm32l4xx_hal_adc.o
 .debug_rnglists
                0x0000042c      0x148 ./Drivers/STM32L4xx_HAL_Driver/Src/stm32l4xx_hal_adc_ex.o
 .debug_rnglists
                0x00000574       0xda ./Drivers/STM32L4xx_HAL_Driver/Src/stm32l4xx_hal_cortex.o
 .debug_rnglists
                0x0000064e       0x3f ./Drivers/STM32L4xx_HAL_Driver/Src/stm32l4xx_hal_gpio.o
 .debug_rnglists
                0x0000068d       0x1a ./Drivers/STM32L4xx_HAL_Driver/Src/stm32l4xx_hal_iwdg.o
 .debug_rnglists
                0x000006a7      0x109 ./Drivers/STM32L4xx_HAL_Driver/Src/stm32l4xx_hal_pwr_ex.o
 .debug_rnglists
                0x000007b0       0x6d ./Drivers/STM32L4xx_HAL_Driver/Src/stm32l4xx_hal_rcc.o
 .debug_rnglists
                0x0000081d       0x95 ./Drivers/STM32L4xx_HAL_Driver/Src/stm32l4xx_hal_rcc_ex.o
 .debug_rnglists
                0x000008b2      0x178 ./Drivers/STM32L4xx_HAL_Driver/Src/stm32l4xx_hal_spi.o
 .debug_rnglists
                0x00000a2a      0x32c ./Drivers/STM32L4xx_HAL_Driver/Src/stm32l4xx_hal_tim.o
 .debug_rnglists
                0x00000d56      0x139 ./Drivers/STM32L4xx_HAL_Driver/Src/stm32l4xx_hal_tim_ex.o
 .debug_rnglists
                0x00000e8f      0x1da ./Drivers/STM32L4xx_HAL_Driver/Src/stm32l4xx_hal_uart.o
 .debug_rnglists
                0x00001069       0x19 ./FATFS/App/fatfs.o
 .debug_rnglists
                0x00001082       0x2b ./FATFS/Target/user_diskio.o
 .debug_rnglists
                0x000010ad       0x2c ./Middlewares/Third_Party/FatFs/src/ff_gen_drv.o
 .debug_rnglists
                0x000010d9      0x212 ./Middlewares/Third_Party/FreeRTOS/Source/CMSIS_RTOS_V2/cmsis_os2.o
 .debug_rnglists
                0x000012eb       0x2b ./Middlewares/Third_Party/FreeRTOS/Source/list.o
 .debug_rnglists
                0x00001316      0x109 ./Middlewares/Third_Party/FreeRTOS/Source/queue.o
 .debug_rnglists
                0x0000141f      0x1a0 ./Middlewares/Third_Party/FreeRTOS/Source/tasks.o
 .debug_rnglists
                0x000015bf       0xb8 ./Middlewares/Third_Party/FreeRTOS/Source/timers.o
 .debug_rnglists
                0x00001677       0x5d ./Middlewares/Third_Party/FreeRTOS/Source/portable/GCC/ARM_CM4F/port.o
 .debug_rnglists
                0x000016d4       0x42 ./Middlewares/Third_Party/FreeRTOS/Source/portable/MemMang/heap_4.o
 .debug_rnglists
                0x00001716       0x13 ./firmware/system/init.o
 .debug_rnglists
                0x00001729       0x43 ./firmware/system/orchestrator.o
 .debug_rnglists
                0x0000176c       0x3e ./firmware/system/tasks.o

.debug_macro    0x00000000    0x2e582
 .debug_macro   0x00000000      0x22a ./Core/Src/adc.o
 .debug_macro   0x0000022a      0xad8 ./Core/Src/adc.o
 .debug_macro   0x00000d02      0x1b9 ./Core/Src/adc.o
 .debug_macro   0x00000ebb       0x2e ./Core/Src/adc.o
 .debug_macro   0x00000ee9       0x28 ./Core/Src/adc.o
 .debug_macro   0x00000f11       0x22 ./Core/Src/adc.o
 .debug_macro   0x00000f33       0x8e ./Core/Src/adc.o
 .debug_macro   0x00000fc1       0x51 ./Core/Src/adc.o
 .debug_macro   0x00001012      0x103 ./Core/Src/adc.o
 .debug_macro   0x00001115       0x6a ./Core/Src/adc.o
 .debug_macro   0x0000117f      0x1df ./Core/Src/adc.o
 .debug_macro   0x0000135e       0x1c ./Core/Src/adc.o
 .debug_macro   0x0000137a       0x22 ./Core/Src/adc.o
 .debug_macro   0x0000139c       0xfb ./Core/Src/adc.o
 .debug_macro   0x00001497     0x1011 ./Core/Src/adc.o
 .debug_macro   0x000024a8      0x11f ./Core/Src/adc.o
 .debug_macro   0x000025c7    0x1a192 ./Core/Src/adc.o
 .debug_macro   0x0001c759       0x6d ./Core/Src/adc.o
 .debug_macro   0x0001c7c6     0x38fb ./Core/Src/adc.o
 .debug_macro   0x000200c1      0x190 ./Core/Src/adc.o
 .debug_macro   0x00020251       0x5c ./Core/Src/adc.o
 .debug_macro   0x000202ad     0x159e ./Core/Src/adc.o
 .debug_macro   0x0002184b      0x5a5 ./Core/Src/adc.o
 .debug_macro   0x00021df0      0x1b9 ./Core/Src/adc.o
 .debug_macro   0x00021fa9      0x18b ./Core/Src/adc.o
 .debug_macro   0x00022134      0x2c4 ./Core/Src/adc.o
 .debug_macro   0x000223f8      0x27a ./Core/Src/adc.o
 .debug_macro   0x00022672      0x23d ./Core/Src/adc.o
 .debug_macro   0x000228af      0xf90 ./Core/Src/adc.o
 .debug_macro   0x0002383f      0x632 ./Core/Src/adc.o
 .debug_macro   0x00023e71      0x30c ./Core/Src/adc.o
 .debug_macro   0x0002417d      0x241 ./Core/Src/adc.o
 .debug_macro   0x000243be      0x37c ./Core/Src/adc.o
 .debug_macro   0x0002473a       0xd6 ./Core/Src/adc.o
 .debug_macro   0x00024810       0x85 ./Core/Src/adc.o
 .debug_macro   0x00024895      0x122 ./Core/Src/adc.o
 .debug_macro   0x000249b7      0x3ef ./Core/Src/adc.o
 .debug_macro   0x00024da6      0x2fe ./Core/Src/adc.o
 .debug_macro   0x000250a4      0xa98 ./Core/Src/adc.o
 .debug_macro   0x00025b3c      0x1e6 ./Core/Src/adc.o
 .debug_macro   0x00025d22      0x5cf ./Core/Src/adc.o
 .debug_macro   0x000262f1       0x44 ./Core/Src/adc.o
 .debug_macro   0x00026335      0x330 ./Core/Src/adc.o
 .debug_macro   0x00026665       0xb2 ./Core/Src/adc.o
 .debug_macro   0x00026717      0x288 ./Core/Src/freertos.o
 .debug_macro   0x0002699f      0x169 ./Core/Src/freertos.o
 .debug_macro   0x00026b08      0x15a ./Core/Src/freertos.o
 .debug_macro   0x00026c62       0xc9 ./Core/Src/freertos.o
 .debug_macro   0x00026d2b       0x1c ./Core/Src/freertos.o
 .debug_macro   0x00026d47       0x26 ./Core/Src/freertos.o
 .debug_macro   0x00026d6d      0x4c5 ./Core/Src/freertos.o
 .debug_macro   0x00027232       0xb5 ./Core/Src/freertos.o
 .debug_macro   0x000272e7       0xaa ./Core/Src/freertos.o
 .debug_macro   0x00027391      0x22a ./Core/Src/gpio.o
 .debug_macro   0x000275bb      0x22a ./Core/Src/iwdg.o
 .debug_macro   0x000277e5      0x33d ./Core/Src/main.o
 .debug_macro   0x00027b22      0x169 ./Core/Src/main.o
 .debug_macro   0x00027c8b       0x66 ./Core/Src/main.o
 .debug_macro   0x00027cf1       0x74 ./Core/Src/main.o
 .debug_macro   0x00027d65       0xdd ./Core/Src/main.o
 .debug_macro   0x00027e42      0x100 ./Core/Src/main.o
 .debug_macro   0x00027f42       0xe2 ./Core/Src/main.o
 .debug_macro   0x00028024       0x8e ./Core/Src/main.o
 .debug_macro   0x000280b2      0x22a ./Core/Src/spi.o
 .debug_macro   0x000282dc      0x220 ./Core/Src/stm32l4xx_hal_msp.o
 .debug_macro   0x000284fc      0x211 ./Core/Src/stm32l4xx_hal_timebase_tim.o
 .debug_macro   0x0002870d      0x22a ./Core/Src/stm32l4xx_it.o
 .debug_macro   0x00028937      0x211 ./Core/Src/system_stm32l4xx.o
 .debug_macro   0x00028b48      0x22a ./Core/Src/tim.o
 .debug_macro   0x00028d72      0x22a ./Core/Src/usart.o
 .debug_macro   0x00028f9c      0x25f ./Drivers/STM32L4xx_HAL_Driver/Src/stm32l4xx_hal.o
 .debug_macro   0x000291fb      0x22e ./Drivers/STM32L4xx_HAL_Driver/Src/stm32l4xx_hal_adc.o
 .debug_macro   0x00029429      0x21d ./Drivers/STM32L4xx_HAL_Driver/Src/stm32l4xx_hal_adc_ex.o
 .debug_macro   0x00029646      0x211 ./Drivers/STM32L4xx_HAL_Driver/Src/stm32l4xx_hal_cortex.o
 .debug_macro   0x00029857      0x218 ./Drivers/STM32L4xx_HAL_Driver/Src/stm32l4xx_hal_gpio.o
 .debug_macro   0x00029a6f      0x21f ./Drivers/STM32L4xx_HAL_Driver/Src/stm32l4xx_hal_iwdg.o
 .debug_macro   0x00029c8e      0x235 ./Drivers/STM32L4xx_HAL_Driver/Src/stm32l4xx_hal_pwr_ex.o
 .debug_macro   0x00029ec3      0x253 ./Drivers/STM32L4xx_HAL_Driver/Src/stm32l4xx_hal_rcc.o
 .debug_macro   0x0002a116      0x247 ./Drivers/STM32L4xx_HAL_Driver/Src/stm32l4xx_hal_rcc_ex.o
 .debug_macro   0x0002a35d      0x219 ./Drivers/STM32L4xx_HAL_Driver/Src/stm32l4xx_hal_spi.o
 .debug_macro   0x0002a576      0x212 ./Drivers/STM32L4xx_HAL_Driver/Src/stm32l4xx_hal_tim.o
 .debug_macro   0x0002a788      0x211 ./Drivers/STM32L4xx_HAL_Driver/Src/stm32l4xx_hal_tim_ex.o
 .debug_macro   0x0002a999      0x23c ./Drivers/STM32L4xx_HAL_Driver/Src/stm32l4xx_hal_uart.o
 .debug_macro   0x0002abd5      0x303 ./FATFS/App/fatfs.o
 .debug_macro   0x0002aed8       0xfa ./FATFS/App/fatfs.o
 .debug_macro   0x0002afd2      0x3b8 ./FATFS/Target/user_diskio.o
 .debug_macro   0x0002b38a       0x10 ./FATFS/Target/user_diskio.o
 .debug_macro   0x0002b39a       0x20 ./FATFS/Target/user_diskio.o
 .debug_macro   0x0002b3ba       0x16 ./FATFS/Target/user_diskio.o
 .debug_macro   0x0002b3d0       0x7c ./FATFS/Target/user_diskio.o
 .debug_macro   0x0002b44c       0x56 ./FATFS/Target/user_diskio.o
 .debug_macro   0x0002b4a2      0x2f0 ./Middlewares/Third_Party/FatFs/src/ff_gen_drv.o
 .debug_macro   0x0002b792      0x408 ./Middlewares/Third_Party/FreeRTOS/Source/CMSIS_RTOS_V2/cmsis_os2.o
 .debug_macro   0x0002bb9a       0x10 ./Middlewares/Third_Party/FreeRTOS/Source/CMSIS_RTOS_V2/cmsis_os2.o
 .debug_macro   0x0002bbaa       0xf5 ./Middlewares/Third_Party/FreeRTOS/Source/CMSIS_RTOS_V2/cmsis_os2.o
 .debug_macro   0x0002bc9f       0x91 ./Middlewares/Third_Party/FreeRTOS/Source/CMSIS_RTOS_V2/cmsis_os2.o
 .debug_macro   0x0002bd30       0x8d ./Middlewares/Third_Party/FreeRTOS/Source/CMSIS_RTOS_V2/cmsis_os2.o
 .debug_macro   0x0002bdbd       0x9a ./Middlewares/Third_Party/FreeRTOS/Source/CMSIS_RTOS_V2/cmsis_os2.o
 .debug_macro   0x0002be57       0x22 ./Middlewares/Third_Party/FreeRTOS/Source/CMSIS_RTOS_V2/cmsis_os2.o
 .debug_macro   0x0002be79      0x187 ./Middlewares/Third_Party/FreeRTOS/Source/list.o
 .debug_macro   0x0002c000      0x216 ./Middlewares/Third_Party/FreeRTOS/Source/queue.o
 .debug_macro   0x0002c216       0x16 ./Middlewares/Third_Party/FreeRTOS/Source/queue.o
 .debug_macro   0x0002c22c       0x87 ./Middlewares/Third_Party/FreeRTOS/Source/queue.o
 .debug_macro   0x0002c2b3      0x27f ./Middlewares/Third_Party/FreeRTOS/Source/tasks.o
 .debug_macro   0x0002c532       0x10 ./Middlewares/Third_Party/FreeRTOS/Source/tasks.o
 .debug_macro   0x0002c542      0x1dc ./Middlewares/Third_Party/FreeRTOS/Source/timers.o
 .debug_macro   0x0002c71e       0x97 ./Middlewares/Third_Party/FreeRTOS/Source/timers.o
 .debug_macro   0x0002c7b5      0x196 ./Middlewares/Third_Party/FreeRTOS/Source/portable/GCC/ARM_CM4F/port.o
 .debug_macro   0x0002c94b      0x1ae ./Middlewares/Third_Party/FreeRTOS/Source/portable/MemMang/heap_4.o
 .debug_macro   0x0002caf9       0x19 ./firmware/system/init.o
 .debug_macro   0x0002cb12      0x40a ./firmware/system/orchestrator.o
 .debug_macro   0x0002cf1c     0x1011 ./firmware/system/orchestrator.o
 .debug_macro   0x0002df2d       0x34 ./firmware/system/orchestrator.o
 .debug_macro   0x0002df61      0x380 ./firmware/system/orchestrator.o
 .debug_macro   0x0002e2e1       0x4a ./firmware/system/orchestrator.o
 .debug_macro   0x0002e32b       0x16 ./firmware/system/orchestrator.o
 .debug_macro   0x0002e341       0x3c ./firmware/system/orchestrator.o
 .debug_macro   0x0002e37d       0x8e ./firmware/system/orchestrator.o
 .debug_macro   0x0002e40b      0x177 ./firmware/system/tasks.o

.debug_line     0x00000000    0x26e71
 .debug_line    0x00000000      0x8c1 ./Core/Src/adc.o
 .debug_line    0x000008c1      0x8ea ./Core/Src/freertos.o
 .debug_line    0x000011ab      0x83d ./Core/Src/gpio.o
 .debug_line    0x000019e8      0x803 ./Core/Src/iwdg.o
 .debug_line    0x000021eb      0xac3 ./Core/Src/main.o
 .debug_line    0x00002cae      0x86e ./Core/Src/spi.o
 .debug_line    0x0000351c      0x7f2 ./Core/Src/stm32l4xx_hal_msp.o
 .debug_line    0x00003d0e      0x85c ./Core/Src/stm32l4xx_hal_timebase_tim.o
 .debug_line    0x0000456a      0x892 ./Core/Src/stm32l4xx_it.o
 .debug_line    0x00004dfc      0x88f ./Core/Src/system_stm32l4xx.o
 .debug_line    0x0000568b      0x920 ./Core/Src/tim.o