../Core/Src/main.c:91:5:main	8	static
../Core/Src/main.c:179:6:SystemClock_Config	96	static
../Core/Src/main.c:230:13:MX_ADC1_Init	48	static
../Core/Src/main.c:297:13:MX_IWDG_Init	8	static
../Core/Src/main.c:326:13:MX_SPI1_Init	8	static
../Core/Src/main.c:366:13:MX_TIM3_Init	48	static
../Core/Src/main.c:415:13:MX_TIM6_Init	24	static
../Core/Src/main.c:453:13:MX_USART2_UART_Init	8	static
../Core/Src/main.c:488:13:MX_GPIO_Init	48	static
../Core/Src/main.c:569:6:StartDefaultTask	16	static
../Core/Src/main.c:588:6:HAL_TIM_PeriodElapsedCallback	16	static
../Core/Src/main.c:606:6:Error_Handler	4	static,ignoring_inline_asm
