../Core/Src/main.c:91:5:main	8	static
../Core/Src/main.c:178:6:SystemClock_Config	96	static
../Core/Src/main.c:228:13:MX_ADC1_Init	48	static
../Core/Src/main.c:295:13:MX_IWDG_Init	8	static
../Core/Src/main.c:324:13:MX_SPI1_Init	8	static
../Core/Src/main.c:364:13:MX_TIM3_Init	48	static
../Core/Src/main.c:413:13:MX_TIM6_Init	24	static
../Core/Src/main.c:451:13:MX_USART2_UART_Init	8	static
../Core/Src/main.c:486:13:MX_GPIO_Init	48	static
../Core/Src/main.c:567:6:StartDefaultTask	16	static
../Core/Src/main.c:586:6:HAL_TIM_PeriodElapsedCallback	16	static
../Core/Src/main.c:604:6:Error_Handler	4	static,ignoring_inline_asm
